46222 <... statx resumed>0x7efe2e9203f0) = -1 ENOENT (No such file or directory)
46221 access("/etc/fonts/conf.avail/65-khmer.conf", R_OK <unfinished ...>
46222 statx(AT_FDCWD, "/home/brain/.config/xi/Ruby Haml.xiconfig", AT_STATX_SYNC_AS_STAT, STATX_ALL,  <unfinished ...>
46221 <... access resumed>)             = 0
46222 <... statx resumed>0x7efe2e9203f0) = -1 ENOENT (No such file or directory)
46221 readlink("/etc/fonts/conf.avail/65-khmer.conf", 0x7ffd2f076c20, 4095) = -1 EINVAL (Invalid argument)
46222 statx(AT_FDCWD, "/home/brain/.config/xi/Ruby on Rails.xiconfig", AT_STATX_SYNC_AS_STAT, STATX_ALL,  <unfinished ...>
46221 stat("/etc/fonts/conf.avail/65-khmer.conf",  <unfinished ...>
46222 <... statx resumed>0x7efe2e9203f0) = -1 ENOENT (No such file or directory)
46221 <... stat resumed>{st_mode=S_IFREG|0644, st_size=464, ...}) = 0
46222 statx(AT_FDCWD, "/home/brain/.config/xi/Rust.xiconfig", AT_STATX_SYNC_AS_STAT, STATX_ALL,  <unfinished ...>
46221 openat(AT_FDCWD, "/etc/fonts/conf.avail/65-khmer.conf", O_RDONLY|O_CLOEXEC <unfinished ...>
46222 <... statx resumed>0x7efe2e9203f0) = -1 ENOENT (No such file or directory)
46221 <... openat resumed>)             = 15
46222 statx(AT_FDCWD, "/home/brain/.config/xi/SQL.xiconfig", AT_STATX_SYNC_AS_STAT, STATX_ALL,  <unfinished ...>
46221 read(15,  <unfinished ...>
46222 <... statx resumed>0x7efe2e9203f0) = -1 ENOENT (No such file or directory)
46221 <... read resumed>"<?xml version=\"1.0\"?>\n<!DOCTYPE "..., 8192) = 464
46222 statx(AT_FDCWD, "/home/brain/.config/xi/SQL (Rails).xiconfig", AT_STATX_SYNC_AS_STAT, STATX_ALL,  <unfinished ...>
46221 read(15,  <unfinished ...>
46222 <... statx resumed>0x7efe2e9203f0) = -1 ENOENT (No such file or directory)
46221 <... read resumed>"", 8192)       = 0
46222 statx(AT_FDCWD, "/home/brain/.config/xi/Scala.xiconfig", AT_STATX_SYNC_AS_STAT, STATX_ALL,  <unfinished ...>
46221 close(15 <unfinished ...>
46222 <... statx resumed>0x7efe2e9203f0) = -1 ENOENT (No such file or directory)
46221 <... close resumed>)              = 0
46221 getrandom( <unfinished ...>
46222 statx(AT_FDCWD, "/home/brain/.config/xi/TOML.xiconfig", AT_STATX_SYNC_AS_STAT, STATX_ALL,  <unfinished ...>
46221 <... getrandom resumed>"\x9d\x4c\x6b\x73\x01\xb4\x5e\x7c", 8, GRND_NONBLOCK) = 8
46222 <... statx resumed>0x7efe2e9203f0) = -1 ENOENT (No such file or directory)
46221 access("/etc/fonts/conf.avail/65-nonlatin.conf", R_OK <unfinished ...>
46222 statx(AT_FDCWD, "/home/brain/.config/xi/Tcl.xiconfig", AT_STATX_SYNC_AS_STAT, STATX_ALL,  <unfinished ...>
46221 <... access resumed>)             = 0
46222 <... statx resumed>0x7efe2e9203f0) = -1 ENOENT (No such file or directory)
46221 access("/etc/fonts/conf.avail/65-nonlatin.conf", R_OK <unfinished ...>
46222 statx(AT_FDCWD, "/home/brain/.config/xi/TeX.xiconfig", AT_STATX_SYNC_AS_STAT, STATX_ALL,  <unfinished ...>
46221 <... access resumed>)             = 0
46222 <... statx resumed>0x7efe2e9203f0) = -1 ENOENT (No such file or directory)
46221 readlink("/etc/fonts/conf.avail/65-nonlatin.conf",  <unfinished ...>
46222 statx(AT_FDCWD, "/home/brain/.config/xi/Textile.xiconfig", AT_STATX_SYNC_AS_STAT, STATX_ALL,  <unfinished ...>
46221 <... readlink resumed>0x7ffd2f076c20, 4095) = -1 EINVAL (Invalid argument)
46222 <... statx resumed>0x7efe2e9203f0) = -1 ENOENT (No such file or directory)
46221 access("/etc/fonts/conf.avail/66-lohit-assamese.conf", R_OK <unfinished ...>
46222 statx(AT_FDCWD, "/home/brain/.config/xi/XML.xiconfig", AT_STATX_SYNC_AS_STAT, STATX_ALL,  <unfinished ...>
46221 <... access resumed>)             = 0
46222 <... statx resumed>0x7efe2e9203f0) = -1 ENOENT (No such file or directory)
46221 access("/etc/fonts/conf.avail/66-lohit-assamese.conf", R_OK) = 0
46222 statx(AT_FDCWD, "/home/brain/.config/xi/YAML.xiconfig", AT_STATX_SYNC_AS_STAT, STATX_ALL,  <unfinished ...>
46221 readlink("/etc/fonts/conf.avail/66-lohit-assamese.conf",  <unfinished ...>
46222 <... statx resumed>0x7efe2e9203f0) = -1 ENOENT (No such file or directory)
46221 <... readlink resumed>0x7ffd2f076c20, 4095) = -1 EINVAL (Invalid argument)
46221 access("/etc/fonts/conf.avail/66-lohit-bengali.conf", R_OK <unfinished ...>
46222 statx(AT_FDCWD, "/home/brain/.config/xi/reStructuredText.xiconfig", AT_STATX_SYNC_AS_STAT, STATX_ALL,  <unfinished ...>
46221 <... access resumed>)             = 0
46222 <... statx resumed>0x7efe2e9203f0) = -1 ENOENT (No such file or directory)
46221 access("/etc/fonts/conf.avail/66-lohit-bengali.conf", R_OK) = 0
46221 readlink("/etc/fonts/conf.avail/66-lohit-bengali.conf", 0x7ffd2f076c20, 4095) = -1 EINVAL (Invalid argument)
46221 access("/etc/fonts/conf.avail/66-lohit-devanagari.conf", R_OK) = 0
46221 access("/etc/fonts/conf.avail/66-lohit-devanagari.conf", R_OK) = 0
46221 readlink("/etc/fonts/conf.avail/66-lohit-devanagari.conf", 0x7ffd2f076c20, 4095) = -1 EINVAL (Invalid argument)
46221 access("/etc/fonts/conf.avail/66-lohit-gujarati.conf", R_OK) = 0
46221 access("/etc/fonts/conf.avail/66-lohit-gujarati.conf", R_OK) = 0
46221 readlink("/etc/fonts/conf.avail/66-lohit-gujarati.conf",  <unfinished ...>
46222 futex(0x5596f38201fc, FUTEX_WAKE_PRIVATE, 1 <unfinished ...>
46221 <... readlink resumed>0x7ffd2f076c20, 4095) = -1 EINVAL (Invalid argument)
46222 <... futex resumed>)              = 1
46221 access("/etc/fonts/conf.avail/66-lohit-gurmukhi.conf", R_OK <unfinished ...>
46223 <... futex resumed>)              = 0
46221 <... access resumed>)             = 0
46223 futex(0x5596f38201a0, FUTEX_WAKE_PRIVATE, 1 <unfinished ...>
46221 access("/etc/fonts/conf.avail/66-lohit-gurmukhi.conf", R_OK <unfinished ...>
46223 <... futex resumed>)              = 0
46221 <... access resumed>)             = 0
46221 readlink("/etc/fonts/conf.avail/66-lohit-gurmukhi.conf",  <unfinished ...>
46222 mmap(NULL, 2101248, PROT_NONE, MAP_PRIVATE|MAP_ANONYMOUS|MAP_STACK, -1, 0 <unfinished ...>
46221 <... readlink resumed>0x7ffd2f076c20, 4095) = -1 EINVAL (Invalid argument)
46221 access("/etc/fonts/conf.avail/66-lohit-kannada.conf", R_OK <unfinished ...>
46223 write(3, "\1\0\0\0\0\0\0\0", 8 <unfinished ...>
46222 <... mmap resumed>)               = 0x7efe2c7b0000
46221 <... access resumed>)             = 0
46222 mprotect(0x7efe2c7b1000, 2097152, PROT_READ|PROT_WRITE <unfinished ...>
46221 access("/etc/fonts/conf.avail/66-lohit-kannada.conf", R_OK <unfinished ...>
46223 <... write resumed>)              = 8
46221 <... access resumed>)             = 0
46222 <... mprotect resumed>)           = 0
46221 readlink("/etc/fonts/conf.avail/66-lohit-kannada.conf",  <unfinished ...>
46223 futex(0x5596f38201f8, FUTEX_WAIT_PRIVATE, 0, NULL <unfinished ...>
46221 <... readlink resumed>0x7ffd2f076c20, 4095) = -1 EINVAL (Invalid argument)
46222 clone(child_stack=0x7efe2c9af9f0, flags=CLONE_VM|CLONE_FS|CLONE_FILES|CLONE_SIGHAND|CLONE_THREAD|CLONE_SYSVSEM|CLONE_SETTLS|CLONE_PARENT_SETTID|CLONE_CHILD_CLEARTID <unfinished ...>
46221 access("/etc/fonts/conf.avail/66-lohit-odia.conf", R_OK) = 0
46221 access("/etc/fonts/conf.avail/66-lohit-odia.conf", R_OK) = 0
46230 set_robust_list(0x7efe2c9b09e0, 24 <unfinished ...>
46222 <... clone resumed>, parent_tid=[46230], tls=0x7efe2c9b0700, child_tidptr=0x7efe2c9b09d0) = 46230
46221 readlink("/etc/fonts/conf.avail/66-lohit-odia.conf",  <unfinished ...>
46230 <... set_robust_list resumed>)    = 0
46221 <... readlink resumed>0x7ffd2f076c20, 4095) = -1 EINVAL (Invalid argument)
46230 sigaltstack(NULL,  <unfinished ...>
46221 access("/etc/fonts/conf.avail/66-lohit-punjabi.conf", R_OK <unfinished ...>
46230 <... sigaltstack resumed>{ss_sp=NULL, ss_flags=SS_DISABLE, ss_size=0}) = 0
46221 <... access resumed>)             = 0
46222 futex(0x5596f381fe2c, FUTEX_WAIT_BITSET_PRIVATE, 0, {tv_sec=77935, tv_nsec=163565627}, FUTEX_BITSET_MATCH_ANY <unfinished ...>
46221 access("/etc/fonts/conf.avail/66-lohit-punjabi.conf", R_OK <unfinished ...>
46230 mmap(NULL, 8192, PROT_READ|PROT_WRITE, MAP_PRIVATE|MAP_ANONYMOUS, -1, 0 <unfinished ...>
46221 <... access resumed>)             = 0
46221 readlink("/etc/fonts/conf.avail/66-lohit-punjabi.conf",  <unfinished ...>
46230 <... mmap resumed>)               = 0x7efe2d0a0000
46221 <... readlink resumed>0x7ffd2f076c20, 4095) = -1 EINVAL (Invalid argument)
46230 sigaltstack({ss_sp=0x7efe2d0a0000, ss_flags=0, ss_size=8192},  <unfinished ...>
46221 stat("/etc/fonts/conf.avail/66-lohit-punjabi.conf",  <unfinished ...>
46230 <... sigaltstack resumed>NULL)    = 0
46221 <... stat resumed>{st_mode=S_IFREG|0644, st_size=621, ...}) = 0
46230 prctl(PR_SET_NAME, "<xi-syntect-plu"... <unfinished ...>
46221 openat(AT_FDCWD, "/etc/fonts/conf.avail/66-lohit-punjabi.conf", O_RDONLY|O_CLOEXEC <unfinished ...>
46230 <... prctl resumed>)              = 0
46221 <... openat resumed>)             = 15
46230 openat(AT_FDCWD, "/sys/devices/system/cpu/online", O_RDONLY|O_CLOEXEC <unfinished ...>
46221 read(15, "<?xml version=\"1.0\" encoding=\"UT"..., 8192) = 621
46230 <... openat resumed>)             = 16
46221 read(15,  <unfinished ...>
46230 read(16,  <unfinished ...>
46221 <... read resumed>"", 8192)       = 0
46221 close(15 <unfinished ...>
46230 <... read resumed>"0-15\n", 8192) = 5
46221 <... close resumed>)              = 0
46230 close(16 <unfinished ...>
46221 getrandom("\xa5\xcd\xd3\x5a\xa1\xd8\x0e\xd8", 8, GRND_NONBLOCK) = 8
46230 <... close resumed>)              = 0
46230 mmap(NULL, 134217728, PROT_NONE, MAP_PRIVATE|MAP_ANONYMOUS|MAP_NORESERVE, -1, 0 <unfinished ...>
46221 access("/etc/fonts/conf.avail/66-lohit-tamil-classical.conf", R_OK <unfinished ...>
46230 <... mmap resumed>)               = 0x7efe00000000
46221 <... access resumed>)             = 0
46230 munmap(0x7efe04000000, 67108864 <unfinished ...>
46221 access("/etc/fonts/conf.avail/66-lohit-tamil-classical.conf", R_OK) = 0
46230 <... munmap resumed>)             = 0
46221 readlink("/etc/fonts/conf.avail/66-lohit-tamil-classical.conf",  <unfinished ...>
46230 mprotect(0x7efe00000000, 135168, PROT_READ|PROT_WRITE <unfinished ...>
46221 <... readlink resumed>0x7ffd2f076c20, 4095) = -1 EINVAL (Invalid argument)
46230 <... mprotect resumed>)           = 0
46221 access("/etc/fonts/conf.avail/66-lohit-tamil.conf", R_OK) = 0
46230 sched_getaffinity(46230, 32,  <unfinished ...>
46221 access("/etc/fonts/conf.avail/66-lohit-tamil.conf", R_OK <unfinished ...>
46230 <... sched_getaffinity resumed>[0, 1, 2, 3, 4, 5, 6, 7, 8, 9, 10, 11, 12, 13, 14, 15]) = 8
46221 <... access resumed>)             = 0
46221 readlink("/etc/fonts/conf.avail/66-lohit-tamil.conf",  <unfinished ...>
46230 pipe2( <unfinished ...>
46221 <... readlink resumed>0x7ffd2f076c20, 4095) = -1 EINVAL (Invalid argument)
46221 access("/etc/fonts/conf.avail/66-lohit-telugu.conf", R_OK <unfinished ...>
46230 <... pipe2 resumed>[15, 16], O_CLOEXEC) = 0
46221 <... access resumed>)             = 0
46230 pipe2( <unfinished ...>
46221 access("/etc/fonts/conf.avail/66-lohit-telugu.conf", R_OK <unfinished ...>
46230 <... pipe2 resumed>[17, 18], O_CLOEXEC) = 0
46221 <... access resumed>)             = 0
46221 readlink("/etc/fonts/conf.avail/66-lohit-telugu.conf",  <unfinished ...>
46230 prlimit64(0, RLIMIT_NOFILE, NULL,  <unfinished ...>
46221 <... readlink resumed>0x7ffd2f076c20, 4095) = -1 EINVAL (Invalid argument)
46230 <... prlimit64 resumed>{rlim_cur=1024, rlim_max=1024*1024}) = 0
46221 access("/etc/fonts/conf.avail/67-fonts-smc-manjari.conf", R_OK <unfinished ...>
46230 prlimit64(0, RLIMIT_NOFILE, NULL,  <unfinished ...>
46221 <... access resumed>)             = 0
46230 <... prlimit64 resumed>{rlim_cur=1024, rlim_max=1024*1024}) = 0
46221 access("/etc/fonts/conf.avail/67-fonts-smc-manjari.conf", R_OK <unfinished ...>
46230 prlimit64(0, RLIMIT_NOFILE, NULL,  <unfinished ...>
46221 <... access resumed>)             = 0
46230 <... prlimit64 resumed>{rlim_cur=1024, rlim_max=1024*1024}) = 0
46221 readlink("/etc/fonts/conf.avail/67-fonts-smc-manjari.conf",  <unfinished ...>
46230 prlimit64(0, RLIMIT_NOFILE, NULL,  <unfinished ...>
46221 <... readlink resumed>0x7ffd2f076c20, 4095) = -1 EINVAL (Invalid argument)
46230 <... prlimit64 resumed>{rlim_cur=1024, rlim_max=1024*1024}) = 0
46221 access("/etc/fonts/conf.avail/67-lohit-malayalam.conf", R_OK <unfinished ...>
46230 mmap(NULL, 36864, PROT_READ|PROT_WRITE, MAP_PRIVATE|MAP_ANONYMOUS|MAP_STACK, -1, 0 <unfinished ...>
46221 <... access resumed>)             = 0
46230 <... mmap resumed>)               = 0x7efe2d097000
46221 access("/etc/fonts/conf.avail/67-lohit-malayalam.conf", R_OK <unfinished ...>
46230 rt_sigprocmask(SIG_BLOCK, ~[],  <unfinished ...>
46221 <... access resumed>)             = 0
46230 <... rt_sigprocmask resumed>[], 8) = 0
46221 readlink("/etc/fonts/conf.avail/67-lohit-malayalam.conf", 0x7ffd2f076c20, 4095) = -1 EINVAL (Invalid argument)
46230 clone(child_stack=0x7efe2d09fff0, flags=CLONE_VM|CLONE_VFORK|SIGCHLD <unfinished ...>
46221 stat("/etc/fonts/conf.avail/67-lohit-malayalam.conf", {st_mode=S_IFREG|0644, st_size=643, ...}) = 0
46221 openat(AT_FDCWD, "/etc/fonts/conf.avail/67-lohit-malayalam.conf", O_RDONLY|O_CLOEXEC) = 19
46221 read(19,  <unfinished ...>
46231 rt_sigprocmask(SIG_BLOCK, NULL,  <unfinished ...>
46221 <... read resumed>"<?xml version=\"1.0\" encoding=\"UT"..., 8192) = 643
46231 <... rt_sigprocmask resumed>~[KILL STOP], 8) = 0
46221 read(19,  <unfinished ...>
46231 rt_sigaction(SIGHUP, NULL,  <unfinished ...>
46221 <... read resumed>"", 8192)       = 0
46231 <... rt_sigaction resumed>{sa_handler=SIG_DFL, sa_mask=[], sa_flags=0}, 8) = 0
46221 close(19 <unfinished ...>
46231 rt_sigaction(SIGHUP, {sa_handler=SIG_DFL, sa_mask=[], sa_flags=SA_RESTORER, sa_restorer=0x7efe2f918210},  <unfinished ...>
46221 <... close resumed>)              = 0
46231 <... rt_sigaction resumed>NULL, 8) = 0
46221 getrandom( <unfinished ...>
46231 rt_sigaction(SIGINT, NULL,  <unfinished ...>
46221 <... getrandom resumed>"\x59\x61\xe8\x5c\xa7\x8d\xf9\x56", 8, GRND_NONBLOCK) = 8
46231 <... rt_sigaction resumed>{sa_handler=SIG_DFL, sa_mask=[], sa_flags=0}, 8) = 0
46231 rt_sigaction(SIGINT, {sa_handler=SIG_DFL, sa_mask=[], sa_flags=SA_RESTORER, sa_restorer=0x7efe2f918210},  <unfinished ...>
46221 access("/etc/fonts/conf.avail/67-smc-anjalioldlipi.conf", R_OK <unfinished ...>
46231 <... rt_sigaction resumed>NULL, 8) = 0
46221 <... access resumed>)             = 0
46231 rt_sigaction(SIGQUIT, NULL,  <unfinished ...>
46221 access("/etc/fonts/conf.avail/67-smc-anjalioldlipi.conf", R_OK <unfinished ...>
46231 <... rt_sigaction resumed>{sa_handler=SIG_DFL, sa_mask=[], sa_flags=0}, 8) = 0
46221 <... access resumed>)             = 0
46231 rt_sigaction(SIGQUIT, {sa_handler=SIG_DFL, sa_mask=[], sa_flags=SA_RESTORER, sa_restorer=0x7efe2f918210},  <unfinished ...>
46221 readlink("/etc/fonts/conf.avail/67-smc-anjalioldlipi.conf",  <unfinished ...>
46231 <... rt_sigaction resumed>NULL, 8) = 0
46221 <... readlink resumed>0x7ffd2f076c20, 4095) = -1 EINVAL (Invalid argument)
46231 rt_sigaction(SIGILL, NULL,  <unfinished ...>
46221 access("/etc/fonts/conf.avail/67-smc-chilanka.conf", R_OK <unfinished ...>
46231 <... rt_sigaction resumed>{sa_handler=SIG_DFL, sa_mask=[], sa_flags=0}, 8) = 0
46221 <... access resumed>)             = 0
46231 rt_sigaction(SIGILL, {sa_handler=SIG_DFL, sa_mask=[], sa_flags=SA_RESTORER, sa_restorer=0x7efe2f918210},  <unfinished ...>
46221 access("/etc/fonts/conf.avail/67-smc-chilanka.conf", R_OK <unfinished ...>
46231 <... rt_sigaction resumed>NULL, 8) = 0
46221 <... access resumed>)             = 0
46231 rt_sigaction(SIGTRAP, NULL,  <unfinished ...>
46221 readlink("/etc/fonts/conf.avail/67-smc-chilanka.conf",  <unfinished ...>
46231 <... rt_sigaction resumed>{sa_handler=SIG_DFL, sa_mask=[], sa_flags=0}, 8) = 0
46221 <... readlink resumed>0x7ffd2f076c20, 4095) = -1 EINVAL (Invalid argument)
46231 rt_sigaction(SIGTRAP, {sa_handler=SIG_DFL, sa_mask=[], sa_flags=SA_RESTORER, sa_restorer=0x7efe2f918210},  <unfinished ...>
46221 access("/etc/fonts/conf.avail/67-smc-dyuthi.conf", R_OK <unfinished ...>
46231 <... rt_sigaction resumed>NULL, 8) = 0
46221 <... access resumed>)             = 0
46231 rt_sigaction(SIGABRT, NULL,  <unfinished ...>
46221 access("/etc/fonts/conf.avail/67-smc-dyuthi.conf", R_OK <unfinished ...>
46231 <... rt_sigaction resumed>{sa_handler=SIG_DFL, sa_mask=[], sa_flags=0}, 8) = 0
46221 <... access resumed>)             = 0
46231 rt_sigaction(SIGABRT, {sa_handler=SIG_DFL, sa_mask=[], sa_flags=SA_RESTORER, sa_restorer=0x7efe2f918210},  <unfinished ...>
46221 readlink("/etc/fonts/conf.avail/67-smc-dyuthi.conf",  <unfinished ...>
46231 <... rt_sigaction resumed>NULL, 8) = 0
46221 <... readlink resumed>0x7ffd2f076c20, 4095) = -1 EINVAL (Invalid argument)
46231 rt_sigaction(SIGBUS, NULL,  <unfinished ...>
46221 access("/etc/fonts/conf.avail/67-smc-karumbi.conf", R_OK <unfinished ...>
46231 <... rt_sigaction resumed>{sa_handler=0x5596f2051240, sa_mask=[], sa_flags=SA_RESTORER|SA_ONSTACK|SA_SIGINFO, sa_restorer=0x7efe2faf43c0}, 8) = 0
46221 <... access resumed>)             = 0
46231 rt_sigaction(SIGBUS, {sa_handler=SIG_DFL, sa_mask=[], sa_flags=SA_RESTORER|SA_ONSTACK|SA_SIGINFO, sa_restorer=0x7efe2f918210},  <unfinished ...>
46221 access("/etc/fonts/conf.avail/67-smc-karumbi.conf", R_OK <unfinished ...>
46231 <... rt_sigaction resumed>NULL, 8) = 0
46221 <... access resumed>)             = 0
46231 rt_sigaction(SIGFPE, NULL,  <unfinished ...>
46221 readlink("/etc/fonts/conf.avail/67-smc-karumbi.conf",  <unfinished ...>
46231 <... rt_sigaction resumed>{sa_handler=SIG_DFL, sa_mask=[], sa_flags=0}, 8) = 0
46221 <... readlink resumed>0x7ffd2f076c20, 4095) = -1 EINVAL (Invalid argument)
46231 rt_sigaction(SIGFPE, {sa_handler=SIG_DFL, sa_mask=[], sa_flags=SA_RESTORER, sa_restorer=0x7efe2f918210},  <unfinished ...>
46221 access("/etc/fonts/conf.avail/67-smc-keraleeyam.conf", R_OK <unfinished ...>
46231 <... rt_sigaction resumed>NULL, 8) = 0
46221 <... access resumed>)             = 0
46231 rt_sigaction(SIGUSR1, NULL,  <unfinished ...>
46221 access("/etc/fonts/conf.avail/67-smc-keraleeyam.conf", R_OK <unfinished ...>
46231 <... rt_sigaction resumed>{sa_handler=SIG_DFL, sa_mask=[], sa_flags=0}, 8) = 0
46221 <... access resumed>)             = 0
46231 rt_sigaction(SIGUSR1, {sa_handler=SIG_DFL, sa_mask=[], sa_flags=SA_RESTORER, sa_restorer=0x7efe2f918210},  <unfinished ...>
46221 readlink("/etc/fonts/conf.avail/67-smc-keraleeyam.conf",  <unfinished ...>
46231 <... rt_sigaction resumed>NULL, 8) = 0
46221 <... readlink resumed>0x7ffd2f076c20, 4095) = -1 EINVAL (Invalid argument)
46231 rt_sigaction(SIGSEGV, NULL,  <unfinished ...>
46221 access("/etc/fonts/conf.avail/67-smc-raghumalayalamsans.conf", R_OK <unfinished ...>
46231 <... rt_sigaction resumed>{sa_handler=0x5596f2051240, sa_mask=[], sa_flags=SA_RESTORER|SA_ONSTACK|SA_SIGINFO, sa_restorer=0x7efe2faf43c0}, 8) = 0
46221 <... access resumed>)             = 0
46231 rt_sigaction(SIGSEGV, {sa_handler=SIG_DFL, sa_mask=[], sa_flags=SA_RESTORER|SA_ONSTACK|SA_SIGINFO, sa_restorer=0x7efe2f918210},  <unfinished ...>
46221 access("/etc/fonts/conf.avail/67-smc-raghumalayalamsans.conf", R_OK <unfinished ...>
46231 <... rt_sigaction resumed>NULL, 8) = 0
46221 <... access resumed>)             = 0
46231 rt_sigaction(SIGUSR2, NULL,  <unfinished ...>
46221 readlink("/etc/fonts/conf.avail/67-smc-raghumalayalamsans.conf",  <unfinished ...>
46231 <... rt_sigaction resumed>{sa_handler=SIG_DFL, sa_mask=[], sa_flags=0}, 8) = 0
46221 <... readlink resumed>0x7ffd2f076c20, 4095) = -1 EINVAL (Invalid argument)
46231 rt_sigaction(SIGUSR2, {sa_handler=SIG_DFL, sa_mask=[], sa_flags=SA_RESTORER, sa_restorer=0x7efe2f918210},  <unfinished ...>
46221 access("/etc/fonts/conf.avail/67-smc-suruma.conf", R_OK <unfinished ...>
46231 <... rt_sigaction resumed>NULL, 8) = 0
46221 <... access resumed>)             = 0
46231 rt_sigaction(SIGPIPE, {sa_handler=SIG_DFL, sa_mask=[], sa_flags=SA_RESTORER, sa_restorer=0x7efe2f918210},  <unfinished ...>
46221 access("/etc/fonts/conf.avail/67-smc-suruma.conf", R_OK <unfinished ...>
46231 <... rt_sigaction resumed>NULL, 8) = 0
46221 <... access resumed>)             = 0
46231 rt_sigaction(SIGALRM, NULL,  <unfinished ...>
46221 readlink("/etc/fonts/conf.avail/67-smc-suruma.conf",  <unfinished ...>
46231 <... rt_sigaction resumed>{sa_handler=SIG_DFL, sa_mask=[], sa_flags=0}, 8) = 0
46221 <... readlink resumed>0x7ffd2f076c20, 4095) = -1 EINVAL (Invalid argument)
46231 rt_sigaction(SIGALRM, {sa_handler=SIG_DFL, sa_mask=[], sa_flags=SA_RESTORER, sa_restorer=0x7efe2f918210},  <unfinished ...>
46221 access("/etc/fonts/conf.avail/67-smc-uroob.conf", R_OK <unfinished ...>
46231 <... rt_sigaction resumed>NULL, 8) = 0
46221 <... access resumed>)             = 0
46231 rt_sigaction(SIGTERM, NULL,  <unfinished ...>
46221 access("/etc/fonts/conf.avail/67-smc-uroob.conf", R_OK <unfinished ...>
46231 <... rt_sigaction resumed>{sa_handler=SIG_DFL, sa_mask=[], sa_flags=0}, 8) = 0
46221 <... access resumed>)             = 0
46231 rt_sigaction(SIGTERM, {sa_handler=SIG_DFL, sa_mask=[], sa_flags=SA_RESTORER, sa_restorer=0x7efe2f918210},  <unfinished ...>
46221 readlink("/etc/fonts/conf.avail/67-smc-uroob.conf",  <unfinished ...>
46231 <... rt_sigaction resumed>NULL, 8) = 0
46221 <... readlink resumed>0x7ffd2f076c20, 4095) = -1 EINVAL (Invalid argument)
46231 rt_sigaction(SIGSTKFLT, NULL,  <unfinished ...>
46221 access("/etc/fonts/conf.avail/69-language-selector-ja.conf", R_OK <unfinished ...>
46231 <... rt_sigaction resumed>{sa_handler=SIG_DFL, sa_mask=[], sa_flags=0}, 8) = 0
46221 <... access resumed>)             = 0
46231 rt_sigaction(SIGSTKFLT, {sa_handler=SIG_DFL, sa_mask=[], sa_flags=SA_RESTORER, sa_restorer=0x7efe2f918210},  <unfinished ...>
46221 access("/etc/fonts/conf.avail/69-language-selector-ja.conf", R_OK <unfinished ...>
46231 <... rt_sigaction resumed>NULL, 8) = 0
46221 <... access resumed>)             = 0
46231 rt_sigaction(SIGCHLD, NULL,  <unfinished ...>
46221 readlink("/etc/fonts/conf.avail/69-language-selector-ja.conf",  <unfinished ...>
46231 <... rt_sigaction resumed>{sa_handler=SIG_DFL, sa_mask=[], sa_flags=0}, 8) = 0
46221 <... readlink resumed>0x7ffd2f076c20, 4095) = -1 EINVAL (Invalid argument)
46231 rt_sigaction(SIGCHLD, {sa_handler=SIG_DFL, sa_mask=[], sa_flags=SA_RESTORER, sa_restorer=0x7efe2f918210},  <unfinished ...>
46221 access("/etc/fonts/conf.avail/69-language-selector-zh-cn.conf", R_OK <unfinished ...>
46231 <... rt_sigaction resumed>NULL, 8) = 0
46221 <... access resumed>)             = 0
46231 rt_sigaction(SIGCONT, NULL,  <unfinished ...>
46221 access("/etc/fonts/conf.avail/69-language-selector-zh-cn.conf", R_OK <unfinished ...>
46231 <... rt_sigaction resumed>{sa_handler=SIG_DFL, sa_mask=[], sa_flags=0}, 8) = 0
46221 <... access resumed>)             = 0
46231 rt_sigaction(SIGCONT, {sa_handler=SIG_DFL, sa_mask=[], sa_flags=SA_RESTORER, sa_restorer=0x7efe2f918210},  <unfinished ...>
46221 readlink("/etc/fonts/conf.avail/69-language-selector-zh-cn.conf",  <unfinished ...>
46231 <... rt_sigaction resumed>NULL, 8) = 0
46221 <... readlink resumed>0x7ffd2f076c20, 4095) = -1 EINVAL (Invalid argument)
46231 rt_sigaction(SIGTSTP, NULL,  <unfinished ...>
46221 access("/etc/fonts/conf.avail/69-language-selector-zh-hk.conf", R_OK <unfinished ...>
46231 <... rt_sigaction resumed>{sa_handler=SIG_DFL, sa_mask=[], sa_flags=0}, 8) = 0
46221 <... access resumed>)             = 0
46231 rt_sigaction(SIGTSTP, {sa_handler=SIG_DFL, sa_mask=[], sa_flags=SA_RESTORER, sa_restorer=0x7efe2f918210},  <unfinished ...>
46221 access("/etc/fonts/conf.avail/69-language-selector-zh-hk.conf", R_OK <unfinished ...>
46231 <... rt_sigaction resumed>NULL, 8) = 0
46221 <... access resumed>)             = 0
46231 rt_sigaction(SIGTTIN, NULL,  <unfinished ...>
46221 readlink("/etc/fonts/conf.avail/69-language-selector-zh-hk.conf",  <unfinished ...>
46231 <... rt_sigaction resumed>{sa_handler=SIG_DFL, sa_mask=[], sa_flags=0}, 8) = 0
46221 <... readlink resumed>0x7ffd2f076c20, 4095) = -1 EINVAL (Invalid argument)
46231 rt_sigaction(SIGTTIN, {sa_handler=SIG_DFL, sa_mask=[], sa_flags=SA_RESTORER, sa_restorer=0x7efe2f918210},  <unfinished ...>
46221 access("/etc/fonts/conf.avail/69-language-selector-zh-mo.conf", R_OK <unfinished ...>
46231 <... rt_sigaction resumed>NULL, 8) = 0
46221 <... access resumed>)             = 0
46231 rt_sigaction(SIGTTOU, NULL,  <unfinished ...>
46221 access("/etc/fonts/conf.avail/69-language-selector-zh-mo.conf", R_OK <unfinished ...>
46231 <... rt_sigaction resumed>{sa_handler=SIG_DFL, sa_mask=[], sa_flags=0}, 8) = 0
46221 <... access resumed>)             = 0
46231 rt_sigaction(SIGTTOU, {sa_handler=SIG_DFL, sa_mask=[], sa_flags=SA_RESTORER, sa_restorer=0x7efe2f918210},  <unfinished ...>
46221 readlink("/etc/fonts/conf.avail/69-language-selector-zh-mo.conf",  <unfinished ...>
46231 <... rt_sigaction resumed>NULL, 8) = 0
46221 <... readlink resumed>0x7ffd2f076c20, 4095) = -1 EINVAL (Invalid argument)
46231 rt_sigaction(SIGURG, NULL,  <unfinished ...>
46221 access("/etc/fonts/conf.avail/69-language-selector-zh-sg.conf", R_OK <unfinished ...>
46231 <... rt_sigaction resumed>{sa_handler=SIG_DFL, sa_mask=[], sa_flags=0}, 8) = 0
46221 <... access resumed>)             = 0
46231 rt_sigaction(SIGURG, {sa_handler=SIG_DFL, sa_mask=[], sa_flags=SA_RESTORER, sa_restorer=0x7efe2f918210},  <unfinished ...>
46221 access("/etc/fonts/conf.avail/69-language-selector-zh-sg.conf", R_OK <unfinished ...>
46231 <... rt_sigaction resumed>NULL, 8) = 0
46221 <... access resumed>)             = 0
46231 rt_sigaction(SIGXCPU, NULL,  <unfinished ...>
46221 readlink("/etc/fonts/conf.avail/69-language-selector-zh-sg.conf",  <unfinished ...>
46231 <... rt_sigaction resumed>{sa_handler=SIG_DFL, sa_mask=[], sa_flags=0}, 8) = 0
46221 <... readlink resumed>0x7ffd2f076c20, 4095) = -1 EINVAL (Invalid argument)
46231 rt_sigaction(SIGXCPU, {sa_handler=SIG_DFL, sa_mask=[], sa_flags=SA_RESTORER, sa_restorer=0x7efe2f918210},  <unfinished ...>
46221 access("/etc/fonts/conf.avail/69-language-selector-zh-tw.conf", R_OK <unfinished ...>
46231 <... rt_sigaction resumed>NULL, 8) = 0
46221 <... access resumed>)             = 0
46231 rt_sigaction(SIGXFSZ, NULL,  <unfinished ...>
46221 access("/etc/fonts/conf.avail/69-language-selector-zh-tw.conf", R_OK <unfinished ...>
46231 <... rt_sigaction resumed>{sa_handler=SIG_DFL, sa_mask=[], sa_flags=0}, 8) = 0
46221 <... access resumed>)             = 0
46231 rt_sigaction(SIGXFSZ, {sa_handler=SIG_DFL, sa_mask=[], sa_flags=SA_RESTORER, sa_restorer=0x7efe2f918210},  <unfinished ...>
46221 readlink("/etc/fonts/conf.avail/69-language-selector-zh-tw.conf",  <unfinished ...>
46231 <... rt_sigaction resumed>NULL, 8) = 0
46221 <... readlink resumed>0x7ffd2f076c20, 4095) = -1 EINVAL (Invalid argument)
46231 rt_sigaction(SIGVTALRM, NULL,  <unfinished ...>
46221 access("/etc/fonts/conf.avail/69-unifont.conf", R_OK <unfinished ...>
46231 <... rt_sigaction resumed>{sa_handler=SIG_DFL, sa_mask=[], sa_flags=0}, 8) = 0
46221 <... access resumed>)             = 0
46231 rt_sigaction(SIGVTALRM, {sa_handler=SIG_DFL, sa_mask=[], sa_flags=SA_RESTORER, sa_restorer=0x7efe2f918210},  <unfinished ...>
46221 access("/etc/fonts/conf.avail/69-unifont.conf", R_OK <unfinished ...>
46231 <... rt_sigaction resumed>NULL, 8) = 0
46221 <... access resumed>)             = 0
46231 rt_sigaction(SIGPROF, NULL,  <unfinished ...>
46221 readlink("/etc/fonts/conf.avail/69-unifont.conf",  <unfinished ...>
46231 <... rt_sigaction resumed>{sa_handler=SIG_DFL, sa_mask=[], sa_flags=0}, 8) = 0
46221 <... readlink resumed>0x7ffd2f076c20, 4095) = -1 EINVAL (Invalid argument)
46231 rt_sigaction(SIGPROF, {sa_handler=SIG_DFL, sa_mask=[], sa_flags=SA_RESTORER, sa_restorer=0x7efe2f918210},  <unfinished ...>
46221 access("/etc/fonts/conf.avail/70-force-bitmaps.conf", R_OK <unfinished ...>
46231 <... rt_sigaction resumed>NULL, 8) = 0
46221 <... access resumed>)             = 0
46231 rt_sigaction(SIGWINCH, NULL,  <unfinished ...>
46221 access("/etc/fonts/conf.avail/70-force-bitmaps.conf", R_OK <unfinished ...>
46231 <... rt_sigaction resumed>{sa_handler=SIG_DFL, sa_mask=[], sa_flags=0}, 8) = 0
46221 <... access resumed>)             = 0
46231 rt_sigaction(SIGWINCH, {sa_handler=SIG_DFL, sa_mask=[], sa_flags=SA_RESTORER, sa_restorer=0x7efe2f918210},  <unfinished ...>
46221 readlink("/etc/fonts/conf.avail/70-force-bitmaps.conf",  <unfinished ...>
46231 <... rt_sigaction resumed>NULL, 8) = 0
46221 <... readlink resumed>0x7ffd2f076c20, 4095) = -1 EINVAL (Invalid argument)
46231 rt_sigaction(SIGIO, NULL,  <unfinished ...>
46221 stat("/etc/fonts/conf.avail/70-force-bitmaps.conf",  <unfinished ...>
46231 <... rt_sigaction resumed>{sa_handler=SIG_DFL, sa_mask=[], sa_flags=0}, 8) = 0
46221 <... stat resumed>{st_mode=S_IFREG|0644, st_size=487, ...}) = 0
46231 rt_sigaction(SIGIO, {sa_handler=SIG_DFL, sa_mask=[], sa_flags=SA_RESTORER, sa_restorer=0x7efe2f918210},  <unfinished ...>
46221 openat(AT_FDCWD, "/etc/fonts/conf.avail/70-force-bitmaps.conf", O_RDONLY|O_CLOEXEC <unfinished ...>
46231 <... rt_sigaction resumed>NULL, 8) = 0
46221 <... openat resumed>)             = 19
46231 rt_sigaction(SIGPWR, NULL,  <unfinished ...>
46221 read(19,  <unfinished ...>
46231 <... rt_sigaction resumed>{sa_handler=SIG_DFL, sa_mask=[], sa_flags=0}, 8) = 0
46221 <... read resumed>"<?xml version=\"1.0\"?>\n<!DOCTYPE "..., 8192) = 487
46231 rt_sigaction(SIGPWR, {sa_handler=SIG_DFL, sa_mask=[], sa_flags=SA_RESTORER, sa_restorer=0x7efe2f918210},  <unfinished ...>
46221 read(19,  <unfinished ...>
46231 <... rt_sigaction resumed>NULL, 8) = 0
46221 <... read resumed>"", 8192)       = 0
46231 rt_sigaction(SIGSYS, NULL,  <unfinished ...>
46221 close(19 <unfinished ...>
46231 <... rt_sigaction resumed>{sa_handler=SIG_DFL, sa_mask=[], sa_flags=0}, 8) = 0
46221 <... close resumed>)              = 0
46231 rt_sigaction(SIGSYS, {sa_handler=SIG_DFL, sa_mask=[], sa_flags=SA_RESTORER, sa_restorer=0x7efe2f918210},  <unfinished ...>
46221 getrandom( <unfinished ...>
46231 <... rt_sigaction resumed>NULL, 8) = 0
46221 <... getrandom resumed>"\x8d\x49\xe3\xfc\x16\x05\x7a\x19", 8, GRND_NONBLOCK) = 8
46231 rt_sigaction(SIGRTMIN, {sa_handler=SIG_IGN, sa_mask=[], sa_flags=SA_RESTORER, sa_restorer=0x7efe2f918210}, NULL, 8) = 0
46221 access("/etc/fonts/conf.avail/70-no-bitmaps.conf", R_OK <unfinished ...>
46231 rt_sigaction(SIGRT_1, {sa_handler=SIG_IGN, sa_mask=[], sa_flags=SA_RESTORER, sa_restorer=0x7efe2f918210},  <unfinished ...>
46221 <... access resumed>)             = 0
46231 <... rt_sigaction resumed>NULL, 8) = 0
46221 access("/etc/fonts/conf.avail/70-no-bitmaps.conf", R_OK <unfinished ...>
46231 rt_sigaction(SIGRT_2, NULL,  <unfinished ...>
46221 <... access resumed>)             = 0
46231 <... rt_sigaction resumed>{sa_handler=SIG_DFL, sa_mask=[], sa_flags=0}, 8) = 0
46221 readlink("/etc/fonts/conf.avail/70-no-bitmaps.conf",  <unfinished ...>
46231 rt_sigaction(SIGRT_2, {sa_handler=SIG_DFL, sa_mask=[], sa_flags=SA_RESTORER, sa_restorer=0x7efe2f918210},  <unfinished ...>
46221 <... readlink resumed>0x7ffd2f076c20, 4095) = -1 EINVAL (Invalid argument)
46231 <... rt_sigaction resumed>NULL, 8) = 0
46221 access("/etc/fonts/conf.avail/70-yes-bitmaps.conf", R_OK <unfinished ...>
46231 rt_sigaction(SIGRT_3, NULL,  <unfinished ...>
46221 <... access resumed>)             = 0
46231 <... rt_sigaction resumed>{sa_handler=SIG_DFL, sa_mask=[], sa_flags=0}, 8) = 0
46221 access("/etc/fonts/conf.avail/70-yes-bitmaps.conf", R_OK <unfinished ...>
46231 rt_sigaction(SIGRT_3, {sa_handler=SIG_DFL, sa_mask=[], sa_flags=SA_RESTORER, sa_restorer=0x7efe2f918210},  <unfinished ...>
46221 <... access resumed>)             = 0
46231 <... rt_sigaction resumed>NULL, 8) = 0
46221 readlink("/etc/fonts/conf.avail/70-yes-bitmaps.conf",  <unfinished ...>
46231 rt_sigaction(SIGRT_4, NULL,  <unfinished ...>
46221 <... readlink resumed>0x7ffd2f076c20, 4095) = -1 EINVAL (Invalid argument)
46231 <... rt_sigaction resumed>{sa_handler=SIG_DFL, sa_mask=[], sa_flags=0}, 8) = 0
46221 stat("/etc/fonts/conf.avail/70-yes-bitmaps.conf",  <unfinished ...>
46231 rt_sigaction(SIGRT_4, {sa_handler=SIG_DFL, sa_mask=[], sa_flags=SA_RESTORER, sa_restorer=0x7efe2f918210},  <unfinished ...>
46221 <... stat resumed>{st_mode=S_IFREG|0644, st_size=77, ...}) = 0
46231 <... rt_sigaction resumed>NULL, 8) = 0
46221 openat(AT_FDCWD, "/etc/fonts/conf.avail/70-yes-bitmaps.conf", O_RDONLY|O_CLOEXEC <unfinished ...>
46231 rt_sigaction(SIGRT_5, NULL,  <unfinished ...>
46221 <... openat resumed>)             = 19
46231 <... rt_sigaction resumed>{sa_handler=SIG_DFL, sa_mask=[], sa_flags=0}, 8) = 0
46221 read(19,  <unfinished ...>
46231 rt_sigaction(SIGRT_5, {sa_handler=SIG_DFL, sa_mask=[], sa_flags=SA_RESTORER, sa_restorer=0x7efe2f918210},  <unfinished ...>
46221 <... read resumed>"<?xml version=\"1.0\"?>\n<!DOCTYPE "..., 8192) = 77
46231 <... rt_sigaction resumed>NULL, 8) = 0
46221 read(19,  <unfinished ...>
46231 rt_sigaction(SIGRT_6, NULL,  <unfinished ...>
46221 <... read resumed>"", 8192)       = 0
46231 <... rt_sigaction resumed>{sa_handler=SIG_DFL, sa_mask=[], sa_flags=0}, 8) = 0
46221 close(19 <unfinished ...>
46231 rt_sigaction(SIGRT_6, {sa_handler=SIG_DFL, sa_mask=[], sa_flags=SA_RESTORER, sa_restorer=0x7efe2f918210},  <unfinished ...>
46221 <... close resumed>)              = 0
46231 <... rt_sigaction resumed>NULL, 8) = 0
46221 getrandom( <unfinished ...>
46231 rt_sigaction(SIGRT_7, NULL,  <unfinished ...>
46221 <... getrandom resumed>"\x7b\xf4\x6d\xc2\x5a\x91\x5f\x37", 8, GRND_NONBLOCK) = 8
46231 <... rt_sigaction resumed>{sa_handler=SIG_DFL, sa_mask=[], sa_flags=0}, 8) = 0
46221 access("/etc/fonts/conf.avail/80-delicious.conf", R_OK <unfinished ...>
46231 rt_sigaction(SIGRT_7, {sa_handler=SIG_DFL, sa_mask=[], sa_flags=SA_RESTORER, sa_restorer=0x7efe2f918210},  <unfinished ...>
46221 <... access resumed>)             = 0
46231 <... rt_sigaction resumed>NULL, 8) = 0
46221 access("/etc/fonts/conf.avail/80-delicious.conf", R_OK <unfinished ...>
46231 rt_sigaction(SIGRT_8, NULL,  <unfinished ...>
46221 <... access resumed>)             = 0
46231 <... rt_sigaction resumed>{sa_handler=SIG_DFL, sa_mask=[], sa_flags=0}, 8) = 0
46221 readlink("/etc/fonts/conf.avail/80-delicious.conf",  <unfinished ...>
46231 rt_sigaction(SIGRT_8, {sa_handler=SIG_DFL, sa_mask=[], sa_flags=SA_RESTORER, sa_restorer=0x7efe2f918210},  <unfinished ...>
46221 <... readlink resumed>0x7ffd2f076c20, 4095) = -1 EINVAL (Invalid argument)
46231 <... rt_sigaction resumed>NULL, 8) = 0
46221 access("/etc/fonts/conf.avail/90-synthetic.conf", R_OK <unfinished ...>
46231 rt_sigaction(SIGRT_9, NULL,  <unfinished ...>
46221 <... access resumed>)             = 0
46231 <... rt_sigaction resumed>{sa_handler=SIG_DFL, sa_mask=[], sa_flags=0}, 8) = 0
46221 access("/etc/fonts/conf.avail/90-synthetic.conf", R_OK <unfinished ...>
46231 rt_sigaction(SIGRT_9, {sa_handler=SIG_DFL, sa_mask=[], sa_flags=SA_RESTORER, sa_restorer=0x7efe2f918210},  <unfinished ...>
46221 <... access resumed>)             = 0
46231 <... rt_sigaction resumed>NULL, 8) = 0
46221 readlink("/etc/fonts/conf.avail/90-synthetic.conf",  <unfinished ...>
46231 rt_sigaction(SIGRT_10, NULL,  <unfinished ...>
46221 <... readlink resumed>0x7ffd2f076c20, 4095) = -1 EINVAL (Invalid argument)
46231 <... rt_sigaction resumed>{sa_handler=SIG_DFL, sa_mask=[], sa_flags=0}, 8) = 0
46221 access("/etc/fonts/conf.avail/99-language-selector-zh.conf", R_OK <unfinished ...>
46231 rt_sigaction(SIGRT_10, {sa_handler=SIG_DFL, sa_mask=[], sa_flags=SA_RESTORER, sa_restorer=0x7efe2f918210},  <unfinished ...>
46221 <... access resumed>)             = 0
46231 <... rt_sigaction resumed>NULL, 8) = 0
46221 access("/etc/fonts/conf.avail/99-language-selector-zh.conf", R_OK <unfinished ...>
46231 rt_sigaction(SIGRT_11, NULL,  <unfinished ...>
46221 <... access resumed>)             = 0
46231 <... rt_sigaction resumed>{sa_handler=SIG_DFL, sa_mask=[], sa_flags=0}, 8) = 0
46221 readlink("/etc/fonts/conf.avail/99-language-selector-zh.conf",  <unfinished ...>
46231 rt_sigaction(SIGRT_11, {sa_handler=SIG_DFL, sa_mask=[], sa_flags=SA_RESTORER, sa_restorer=0x7efe2f918210},  <unfinished ...>
46221 <... readlink resumed>0x7ffd2f076c20, 4095) = -1 EINVAL (Invalid argument)
46231 <... rt_sigaction resumed>NULL, 8) = 0
46221 close(14 <unfinished ...>
46231 rt_sigaction(SIGRT_12, NULL,  <unfinished ...>
46221 <... close resumed>)              = 0
46231 <... rt_sigaction resumed>{sa_handler=SIG_DFL, sa_mask=[], sa_flags=0}, 8) = 0
46221 access("/usr/share/fonts/.uuid", F_OK <unfinished ...>
46231 rt_sigaction(SIGRT_12, {sa_handler=SIG_DFL, sa_mask=[], sa_flags=SA_RESTORER, sa_restorer=0x7efe2f918210},  <unfinished ...>
46221 <... access resumed>)             = 0
46231 <... rt_sigaction resumed>NULL, 8) = 0
46221 openat(AT_FDCWD, "/usr/share/fonts/.uuid", O_RDONLY|O_CLOEXEC <unfinished ...>
46231 rt_sigaction(SIGRT_13, NULL,  <unfinished ...>
46221 <... openat resumed>)             = 14
46231 <... rt_sigaction resumed>{sa_handler=SIG_DFL, sa_mask=[], sa_flags=0}, 8) = 0
46221 read(14,  <unfinished ...>
46231 rt_sigaction(SIGRT_13, {sa_handler=SIG_DFL, sa_mask=[], sa_flags=SA_RESTORER, sa_restorer=0x7efe2f918210},  <unfinished ...>
46221 <... read resumed>"14ee6b47-3796-48be-a6b4-60cf09e0"..., 36) = 36
46231 <... rt_sigaction resumed>NULL, 8) = 0
46221 close(14 <unfinished ...>
46231 rt_sigaction(SIGRT_14, NULL,  <unfinished ...>
46221 <... close resumed>)              = 0
46231 <... rt_sigaction resumed>{sa_handler=SIG_DFL, sa_mask=[], sa_flags=0}, 8) = 0
46221 stat("/usr/share/fonts",  <unfinished ...>
46231 rt_sigaction(SIGRT_14, {sa_handler=SIG_DFL, sa_mask=[], sa_flags=SA_RESTORER, sa_restorer=0x7efe2f918210},  <unfinished ...>
46221 <... stat resumed>{st_mode=S_IFDIR|0755, st_size=94, ...}) = 0
46231 <... rt_sigaction resumed>NULL, 8) = 0
46221 openat(AT_FDCWD, "/usr/share/fonts", O_RDONLY|O_CLOEXEC <unfinished ...>
46231 rt_sigaction(SIGRT_15, NULL,  <unfinished ...>
46221 <... openat resumed>)             = 14
46231 <... rt_sigaction resumed>{sa_handler=SIG_DFL, sa_mask=[], sa_flags=0}, 8) = 0
46221 fstatfs(14,  <unfinished ...>
46231 rt_sigaction(SIGRT_15, {sa_handler=SIG_DFL, sa_mask=[], sa_flags=SA_RESTORER, sa_restorer=0x7efe2f918210},  <unfinished ...>
46221 <... fstatfs resumed>{f_type=BTRFS_SUPER_MAGIC, f_bsize=4096, f_blocks=241962240, f_bfree=92448039, f_bavail=91889687, f_files=0, f_ffree=0, f_fsid={val=[2221941641, 2493852392]}, f_namelen=255, f_frsize=4096, f_flags=ST_VALID|ST_RELATIME}) = 0
46231 <... rt_sigaction resumed>NULL, 8) = 0
46221 close(14 <unfinished ...>
46231 rt_sigaction(SIGRT_16, NULL,  <unfinished ...>
46221 <... close resumed>)              = 0
46231 <... rt_sigaction resumed>{sa_handler=SIG_DFL, sa_mask=[], sa_flags=0}, 8) = 0
46221 openat(AT_FDCWD, "/var/cache/fontconfig/14ee6b47-3796-48be-a6b4-60cf09e0f33a-le64.cache-7", O_RDONLY|O_CLOEXEC <unfinished ...>
46231 rt_sigaction(SIGRT_16, {sa_handler=SIG_DFL, sa_mask=[], sa_flags=SA_RESTORER, sa_restorer=0x7efe2f918210},  <unfinished ...>
46221 <... openat resumed>)             = 14
46231 <... rt_sigaction resumed>NULL, 8) = 0
46221 fstat(14,  <unfinished ...>
46231 rt_sigaction(SIGRT_17, NULL,  <unfinished ...>
46221 <... fstat resumed>{st_mode=S_IFREG|0644, st_size=408, ...}) = 0
46231 <... rt_sigaction resumed>{sa_handler=SIG_DFL, sa_mask=[], sa_flags=0}, 8) = 0
46221 fstatfs(14,  <unfinished ...>
46231 rt_sigaction(SIGRT_17, {sa_handler=SIG_DFL, sa_mask=[], sa_flags=SA_RESTORER, sa_restorer=0x7efe2f918210},  <unfinished ...>
46221 <... fstatfs resumed>{f_type=BTRFS_SUPER_MAGIC, f_bsize=4096, f_blocks=241962240, f_bfree=92448039, f_bavail=91889687, f_files=0, f_ffree=0, f_fsid={val=[2221941641, 2493852392]}, f_namelen=255, f_frsize=4096, f_flags=ST_VALID|ST_RELATIME}) = 0
46231 <... rt_sigaction resumed>NULL, 8) = 0
46221 read(14,  <unfinished ...>
46231 rt_sigaction(SIGRT_18, NULL,  <unfinished ...>
46221 <... read resumed>"\4\374\2\374\7\0\0\0\230\1\0\0\0\0\0\0@\0\0\0\0\0\0\0X\0\0\0\0\0\0\0"..., 408) = 408
46231 <... rt_sigaction resumed>{sa_handler=SIG_DFL, sa_mask=[], sa_flags=0}, 8) = 0
46221 close(14 <unfinished ...>
46231 rt_sigaction(SIGRT_18, {sa_handler=SIG_DFL, sa_mask=[], sa_flags=SA_RESTORER, sa_restorer=0x7efe2f918210},  <unfinished ...>
46221 <... close resumed>)              = 0
46231 <... rt_sigaction resumed>NULL, 8) = 0
46221 access("/usr/local/share/fonts/.uuid", F_OK <unfinished ...>
46231 rt_sigaction(SIGRT_19, NULL,  <unfinished ...>
46221 <... access resumed>)             = 0
46231 <... rt_sigaction resumed>{sa_handler=SIG_DFL, sa_mask=[], sa_flags=0}, 8) = 0
46221 openat(AT_FDCWD, "/usr/local/share/fonts/.uuid", O_RDONLY|O_CLOEXEC <unfinished ...>
46231 rt_sigaction(SIGRT_19, {sa_handler=SIG_DFL, sa_mask=[], sa_flags=SA_RESTORER, sa_restorer=0x7efe2f918210},  <unfinished ...>
46221 <... openat resumed>)             = 14
46231 <... rt_sigaction resumed>NULL, 8) = 0
46221 read(14,  <unfinished ...>
46231 rt_sigaction(SIGRT_20, NULL,  <unfinished ...>
46221 <... read resumed>"ffa6daf4-a623-4625-8ca4-ed9c0711"..., 36) = 36
46231 <... rt_sigaction resumed>{sa_handler=SIG_DFL, sa_mask=[], sa_flags=0}, 8) = 0
46221 close(14 <unfinished ...>
46231 rt_sigaction(SIGRT_20, {sa_handler=SIG_DFL, sa_mask=[], sa_flags=SA_RESTORER, sa_restorer=0x7efe2f918210},  <unfinished ...>
46221 <... close resumed>)              = 0
46231 <... rt_sigaction resumed>NULL, 8) = 0
46221 stat("/usr/local/share/fonts",  <unfinished ...>
46231 rt_sigaction(SIGRT_21, NULL,  <unfinished ...>
46221 <... stat resumed>{st_mode=S_IFDIR|S_ISGID|0775, st_size=10, ...}) = 0
46231 <... rt_sigaction resumed>{sa_handler=SIG_DFL, sa_mask=[], sa_flags=0}, 8) = 0
46221 openat(AT_FDCWD, "/usr/local/share/fonts", O_RDONLY|O_CLOEXEC <unfinished ...>
46231 rt_sigaction(SIGRT_21, {sa_handler=SIG_DFL, sa_mask=[], sa_flags=SA_RESTORER, sa_restorer=0x7efe2f918210},  <unfinished ...>
46221 <... openat resumed>)             = 14
46231 <... rt_sigaction resumed>NULL, 8) = 0
46221 fstatfs(14,  <unfinished ...>
46231 rt_sigaction(SIGRT_22, NULL,  <unfinished ...>
46221 <... fstatfs resumed>{f_type=BTRFS_SUPER_MAGIC, f_bsize=4096, f_blocks=241962240, f_bfree=92448039, f_bavail=91889687, f_files=0, f_ffree=0, f_fsid={val=[2221941641, 2493852392]}, f_namelen=255, f_frsize=4096, f_flags=ST_VALID|ST_RELATIME}) = 0
46231 <... rt_sigaction resumed>{sa_handler=SIG_DFL, sa_mask=[], sa_flags=0}, 8) = 0
46221 close(14 <unfinished ...>
46231 rt_sigaction(SIGRT_22, {sa_handler=SIG_DFL, sa_mask=[], sa_flags=SA_RESTORER, sa_restorer=0x7efe2f918210},  <unfinished ...>
46221 <... close resumed>)              = 0
46231 <... rt_sigaction resumed>NULL, 8) = 0
46221 openat(AT_FDCWD, "/var/cache/fontconfig/ffa6daf4-a623-4625-8ca4-ed9c0711c339-le64.cache-7", O_RDONLY|O_CLOEXEC <unfinished ...>
46231 rt_sigaction(SIGRT_23, NULL,  <unfinished ...>
46221 <... openat resumed>)             = 14
46231 <... rt_sigaction resumed>{sa_handler=SIG_DFL, sa_mask=[], sa_flags=0}, 8) = 0
46221 fstat(14,  <unfinished ...>
46231 rt_sigaction(SIGRT_23, {sa_handler=SIG_DFL, sa_mask=[], sa_flags=SA_RESTORER, sa_restorer=0x7efe2f918210},  <unfinished ...>
46221 <... fstat resumed>{st_mode=S_IFREG|0644, st_size=104, ...}) = 0
46231 <... rt_sigaction resumed>NULL, 8) = 0
46221 fstatfs(14,  <unfinished ...>
46231 rt_sigaction(SIGRT_24, NULL,  <unfinished ...>
46221 <... fstatfs resumed>{f_type=BTRFS_SUPER_MAGIC, f_bsize=4096, f_blocks=241962240, f_bfree=92448039, f_bavail=91889687, f_files=0, f_ffree=0, f_fsid={val=[2221941641, 2493852392]}, f_namelen=255, f_frsize=4096, f_flags=ST_VALID|ST_RELATIME}) = 0
46231 <... rt_sigaction resumed>{sa_handler=SIG_DFL, sa_mask=[], sa_flags=0}, 8) = 0
46221 read(14,  <unfinished ...>
46231 rt_sigaction(SIGRT_24, {sa_handler=SIG_DFL, sa_mask=[], sa_flags=SA_RESTORER, sa_restorer=0x7efe2f918210},  <unfinished ...>
46221 <... read resumed>"\4\374\2\374\7\0\0\0h\0\0\0\0\0\0\0@\0\0\0\0\0\0\0X\0\0\0\0\0\0\0"..., 104) = 104
46231 <... rt_sigaction resumed>NULL, 8) = 0
46221 close(14 <unfinished ...>
46231 rt_sigaction(SIGRT_25, NULL,  <unfinished ...>
46221 <... close resumed>)              = 0
46231 <... rt_sigaction resumed>{sa_handler=SIG_DFL, sa_mask=[], sa_flags=0}, 8) = 0
46221 access("/home/brain/.local/share/fonts/.uuid", F_OK <unfinished ...>
46231 rt_sigaction(SIGRT_25, {sa_handler=SIG_DFL, sa_mask=[], sa_flags=SA_RESTORER, sa_restorer=0x7efe2f918210},  <unfinished ...>
46221 <... access resumed>)             = 0
46231 <... rt_sigaction resumed>NULL, 8) = 0
46221 openat(AT_FDCWD, "/home/brain/.local/share/fonts/.uuid", O_RDONLY|O_CLOEXEC <unfinished ...>
46231 rt_sigaction(SIGRT_26, NULL,  <unfinished ...>
46221 <... openat resumed>)             = 14
46231 <... rt_sigaction resumed>{sa_handler=SIG_DFL, sa_mask=[], sa_flags=0}, 8) = 0
46221 read(14,  <unfinished ...>
46231 rt_sigaction(SIGRT_26, {sa_handler=SIG_DFL, sa_mask=[], sa_flags=SA_RESTORER, sa_restorer=0x7efe2f918210},  <unfinished ...>
46221 <... read resumed>"18773e5d-463f-406e-8989-8bd83dd9"..., 36) = 36
46231 <... rt_sigaction resumed>NULL, 8) = 0
46221 close(14 <unfinished ...>
46231 rt_sigaction(SIGRT_27, NULL,  <unfinished ...>
46221 <... close resumed>)              = 0
46231 <... rt_sigaction resumed>{sa_handler=SIG_DFL, sa_mask=[], sa_flags=0}, 8) = 0
46221 stat("/home/brain/.local/share/fonts",  <unfinished ...>
46231 rt_sigaction(SIGRT_27, {sa_handler=SIG_DFL, sa_mask=[], sa_flags=SA_RESTORER, sa_restorer=0x7efe2f918210},  <unfinished ...>
46221 <... stat resumed>{st_mode=S_IFDIR|0755, st_size=928, ...}) = 0
46231 <... rt_sigaction resumed>NULL, 8) = 0
46221 openat(AT_FDCWD, "/home/brain/.local/share/fonts", O_RDONLY|O_CLOEXEC <unfinished ...>
46231 rt_sigaction(SIGRT_28, NULL,  <unfinished ...>
46221 <... openat resumed>)             = 14
46231 <... rt_sigaction resumed>{sa_handler=SIG_DFL, sa_mask=[], sa_flags=0}, 8) = 0
46221 fstatfs(14,  <unfinished ...>
46231 rt_sigaction(SIGRT_28, {sa_handler=SIG_DFL, sa_mask=[], sa_flags=SA_RESTORER, sa_restorer=0x7efe2f918210},  <unfinished ...>
46221 <... fstatfs resumed>{f_type=BTRFS_SUPER_MAGIC, f_bsize=4096, f_blocks=241962240, f_bfree=92448039, f_bavail=91889687, f_files=0, f_ffree=0, f_fsid={val=[2221941641, 2493852874]}, f_namelen=255, f_frsize=4096, f_flags=ST_VALID|ST_RELATIME}) = 0
46231 <... rt_sigaction resumed>NULL, 8) = 0
46221 close(14 <unfinished ...>
46231 rt_sigaction(SIGRT_29, NULL,  <unfinished ...>
46221 <... close resumed>)              = 0
46231 <... rt_sigaction resumed>{sa_handler=SIG_DFL, sa_mask=[], sa_flags=0}, 8) = 0
46221 openat(AT_FDCWD, "/var/cache/fontconfig/18773e5d-463f-406e-8989-8bd83dd9bcd1-le64.cache-7", O_RDONLY|O_CLOEXEC <unfinished ...>
46231 rt_sigaction(SIGRT_29, {sa_handler=SIG_DFL, sa_mask=[], sa_flags=SA_RESTORER, sa_restorer=0x7efe2f918210},  <unfinished ...>
46221 <... openat resumed>)             = -1 ENOENT (No such file or directory)
46231 <... rt_sigaction resumed>NULL, 8) = 0
46221 openat(AT_FDCWD, "/home/brain/.cache/fontconfig/18773e5d-463f-406e-8989-8bd83dd9bcd1-le64.cache-7", O_RDONLY|O_CLOEXEC <unfinished ...>
46231 rt_sigaction(SIGRT_30, NULL,  <unfinished ...>
46221 <... openat resumed>)             = 14
46231 <... rt_sigaction resumed>{sa_handler=SIG_DFL, sa_mask=[], sa_flags=0}, 8) = 0
46221 fstat(14,  <unfinished ...>
46231 rt_sigaction(SIGRT_30, {sa_handler=SIG_DFL, sa_mask=[], sa_flags=SA_RESTORER, sa_restorer=0x7efe2f918210},  <unfinished ...>
46221 <... fstat resumed>{st_mode=S_IFREG|0644, st_size=40728, ...}) = 0
46231 <... rt_sigaction resumed>NULL, 8) = 0
46221 fstatfs(14,  <unfinished ...>
46231 rt_sigaction(SIGRT_31, NULL,  <unfinished ...>
46221 <... fstatfs resumed>{f_type=BTRFS_SUPER_MAGIC, f_bsize=4096, f_blocks=241962240, f_bfree=92448039, f_bavail=91889687, f_files=0, f_ffree=0, f_fsid={val=[2221941641, 2493852874]}, f_namelen=255, f_frsize=4096, f_flags=ST_VALID|ST_RELATIME}) = 0
46231 <... rt_sigaction resumed>{sa_handler=SIG_DFL, sa_mask=[], sa_flags=0}, 8) = 0
46221 mmap(NULL, 40728, PROT_READ, MAP_SHARED, 14, 0 <unfinished ...>
46231 rt_sigaction(SIGRT_31, {sa_handler=SIG_DFL, sa_mask=[], sa_flags=SA_RESTORER, sa_restorer=0x7efe2f918210},  <unfinished ...>
46221 <... mmap resumed>)               = 0x7efe2d08d000
46231 <... rt_sigaction resumed>NULL, 8) = 0
46221 fadvise64(14, 0, 40728, POSIX_FADV_WILLNEED <unfinished ...>
46231 rt_sigaction(SIGRT_32, NULL,  <unfinished ...>
46221 <... fadvise64 resumed>)          = 0
46231 <... rt_sigaction resumed>{sa_handler=SIG_DFL, sa_mask=[], sa_flags=0}, 8) = 0
46221 close(14 <unfinished ...>
46231 rt_sigaction(SIGRT_32, {sa_handler=SIG_DFL, sa_mask=[], sa_flags=SA_RESTORER, sa_restorer=0x7efe2f918210},  <unfinished ...>
46221 <... close resumed>)              = 0
46231 <... rt_sigaction resumed>NULL, 8) = 0
46231 dup2(15, 0)                       = 0
46231 dup2(18, 1 <unfinished ...>
46221 access("/home/brain/.fonts/.uuid", F_OK <unfinished ...>
46231 <... dup2 resumed>)               = 1
46221 <... access resumed>)             = -1 ENOENT (No such file or directory)
46231 rt_sigprocmask(SIG_SETMASK, [],  <unfinished ...>
46221 stat("/home/brain/.fonts",  <unfinished ...>
46231 <... rt_sigprocmask resumed>NULL, 8) = 0
46221 <... stat resumed>0x7ffd2f07fd00) = -1 ENOENT (No such file or directory)
46231 execve("/home/brain/.config/xi/plugins/syntect/bin/xi-syntect-plugin", ["/home/brain/.config/xi/plugins/s"...], 0x7ffd2f083c08 /* 58 vars */ <unfinished ...>
46221 openat(AT_FDCWD, "/home/brain/.fonts/.uuid", O_RDONLY|O_CLOEXEC) = -1 ENOENT (No such file or directory)
46221 stat("/home/brain/.fonts", 0x7ffd2f07fc60) = -1 ENOENT (No such file or directory)
46221 stat("/home/brain/.fonts", 0x7ffd2f07fd50) = -1 ENOENT (No such file or directory)
46221 access("/usr/share/texmf/fonts/opentype/public/lm/.uuid", F_OK) = 0
46221 openat(AT_FDCWD, "/usr/share/texmf/fonts/opentype/public/lm/.uuid", O_RDONLY|O_CLOEXEC) = 14
46221 read(14,  <unfinished ...>
46230 <... clone resumed>)              = 46231
