46222 <... statx resumed>0x7efe2e91fbd0) = -1 ENOENT (No such file or directory)
46221 read(16,  <unfinished ...>
46222 statx(AT_FDCWD, "/home/brain/.config/xi/plugins/syntect/Diff.toml", AT_STATX_SYNC_AS_STAT, STATX_ALL,  <unfinished ...>
46221 <... read resumed>"<?xml version=\"1.0\"?>\n<!DOCTYPE "..., 8192) = 748
46221 read(16,  <unfinished ...>
46222 <... statx resumed>0x7efe2e91fbd0) = -1 ENOENT (No such file or directory)
46221 <... read resumed>"", 8192)       = 0
46221 close(16 <unfinished ...>
46222 statx(AT_FDCWD, "/home/brain/.config/xi/plugins/syntect/Erlang.toml", AT_STATX_SYNC_AS_STAT, STATX_ALL,  <unfinished ...>
46221 <... close resumed>)              = 0
46222 <... statx resumed>0x7efe2e91fbd0) = -1 ENOENT (No such file or directory)
46221 getrandom("\x81\x05\x9d\xb6\xeb\xf5\x24\xd3", 8, GRND_NONBLOCK) = 8
46222 statx(AT_FDCWD, "/home/brain/.config/xi/plugins/syntect/HTML (Erlang).toml", AT_STATX_SYNC_AS_STAT, STATX_ALL, 0x7efe2e91fbd0) = -1 ENOENT (No such file or directory)
46221 access("/etc/fonts/conf.avail/10-sub-pixel-rgb.conf", R_OK) = 0
46222 statx(AT_FDCWD, "/home/brain/.config/xi/plugins/syntect/Git Attributes.toml", AT_STATX_SYNC_AS_STAT, STATX_ALL,  <unfinished ...>
46221 access("/etc/fonts/conf.avail/10-sub-pixel-rgb.conf", R_OK <unfinished ...>
46222 <... statx resumed>0x7efe2e91fbd0) = -1 ENOENT (No such file or directory)
46221 <... access resumed>)             = 0
46221 readlink("/etc/fonts/conf.avail/10-sub-pixel-rgb.conf",  <unfinished ...>
46222 statx(AT_FDCWD, "/home/brain/.config/xi/plugins/syntect/Git Commit.toml", AT_STATX_SYNC_AS_STAT, STATX_ALL,  <unfinished ...>
46221 <... readlink resumed>0x7ffd2f076c20, 4095) = -1 EINVAL (Invalid argument)
46222 <... statx resumed>0x7efe2e91fbd0) = -1 ENOENT (No such file or directory)
46221 stat("/etc/fonts/conf.avail/10-sub-pixel-rgb.conf",  <unfinished ...>
46222 statx(AT_FDCWD, "/home/brain/.config/xi/plugins/syntect/Git Config.toml", AT_STATX_SYNC_AS_STAT, STATX_ALL,  <unfinished ...>
46221 <... stat resumed>{st_mode=S_IFREG|0644, st_size=748, ...}) = 0
46222 <... statx resumed>0x7efe2e91fbd0) = -1 ENOENT (No such file or directory)
46221 openat(AT_FDCWD, "/etc/fonts/conf.avail/10-sub-pixel-rgb.conf", O_RDONLY|O_CLOEXEC <unfinished ...>
46222 statx(AT_FDCWD, "/home/brain/.config/xi/plugins/syntect/Git Ignore.toml", AT_STATX_SYNC_AS_STAT, STATX_ALL,  <unfinished ...>
46221 <... openat resumed>)             = 16
46222 <... statx resumed>0x7efe2e91fbd0) = -1 ENOENT (No such file or directory)
46221 read(16,  <unfinished ...>
46222 statx(AT_FDCWD, "/home/brain/.config/xi/plugins/syntect/Git Link.toml", AT_STATX_SYNC_AS_STAT, STATX_ALL,  <unfinished ...>
46221 <... read resumed>"<?xml version=\"1.0\"?>\n<!DOCTYPE "..., 8192) = 748
46222 <... statx resumed>0x7efe2e91fbd0) = -1 ENOENT (No such file or directory)
46221 read(16,  <unfinished ...>
46222 statx(AT_FDCWD, "/home/brain/.config/xi/plugins/syntect/Git Log.toml", AT_STATX_SYNC_AS_STAT, STATX_ALL,  <unfinished ...>
46221 <... read resumed>"", 8192)       = 0
46222 <... statx resumed>0x7efe2e91fbd0) = -1 ENOENT (No such file or directory)
46221 close(16 <unfinished ...>
46222 statx(AT_FDCWD, "/home/brain/.config/xi/plugins/syntect/Git Rebase Todo.toml", AT_STATX_SYNC_AS_STAT, STATX_ALL,  <unfinished ...>
46221 <... close resumed>)              = 0
46222 <... statx resumed>0x7efe2e91fbd0) = -1 ENOENT (No such file or directory)
46221 getrandom( <unfinished ...>
46222 statx(AT_FDCWD, "/home/brain/.config/xi/plugins/syntect/Go.toml", AT_STATX_SYNC_AS_STAT, STATX_ALL,  <unfinished ...>
46221 <... getrandom resumed>"\x58\x9a\x1e\x43\x93\xf5\x67\x23", 8, GRND_NONBLOCK) = 8
46222 <... statx resumed>0x7efe2e91fbd0) = -1 ENOENT (No such file or directory)
46222 statx(AT_FDCWD, "/home/brain/.config/xi/plugins/syntect/Graphviz (DOT).toml", AT_STATX_SYNC_AS_STAT, STATX_ALL,  <unfinished ...>
46221 access("/etc/fonts/conf.avail/10-sub-pixel-vbgr.conf", R_OK <unfinished ...>
46222 <... statx resumed>0x7efe2e91fbd0) = -1 ENOENT (No such file or directory)
46221 <... access resumed>)             = 0
46222 statx(AT_FDCWD, "/home/brain/.config/xi/plugins/syntect/Groovy.toml", AT_STATX_SYNC_AS_STAT, STATX_ALL,  <unfinished ...>
46221 access("/etc/fonts/conf.avail/10-sub-pixel-vbgr.conf", R_OK <unfinished ...>
46222 <... statx resumed>0x7efe2e91fbd0) = -1 ENOENT (No such file or directory)
46221 <... access resumed>)             = 0
46222 statx(AT_FDCWD, "/home/brain/.config/xi/plugins/syntect/HTML.toml", AT_STATX_SYNC_AS_STAT, STATX_ALL,  <unfinished ...>
46221 readlink("/etc/fonts/conf.avail/10-sub-pixel-vbgr.conf",  <unfinished ...>
46222 <... statx resumed>0x7efe2e91fbd0) = -1 ENOENT (No such file or directory)
46221 <... readlink resumed>0x7ffd2f076c20, 4095) = -1 EINVAL (Invalid argument)
46222 statx(AT_FDCWD, "/home/brain/.config/xi/plugins/syntect/Haskell.toml", AT_STATX_SYNC_AS_STAT, STATX_ALL,  <unfinished ...>
46221 stat("/etc/fonts/conf.avail/10-sub-pixel-vbgr.conf",  <unfinished ...>
46222 <... statx resumed>0x7efe2e91fbd0) = -1 ENOENT (No such file or directory)
46221 <... stat resumed>{st_mode=S_IFREG|0644, st_size=758, ...}) = 0
46222 statx(AT_FDCWD, "/home/brain/.config/xi/plugins/syntect/Literate Haskell.toml", AT_STATX_SYNC_AS_STAT, STATX_ALL,  <unfinished ...>
46221 openat(AT_FDCWD, "/etc/fonts/conf.avail/10-sub-pixel-vbgr.conf", O_RDONLY|O_CLOEXEC <unfinished ...>
46222 <... statx resumed>0x7efe2e91fbd0) = -1 ENOENT (No such file or directory)
46221 <... openat resumed>)             = 16
46222 statx(AT_FDCWD, "/home/brain/.config/xi/plugins/syntect/Java Server Page (JSP).toml", AT_STATX_SYNC_AS_STAT, STATX_ALL,  <unfinished ...>
46221 read(16,  <unfinished ...>
46222 <... statx resumed>0x7efe2e91fbd0) = -1 ENOENT (No such file or directory)
46221 <... read resumed>"<?xml version=\"1.0\"?>\n<!DOCTYPE "..., 8192) = 758
46222 statx(AT_FDCWD, "/home/brain/.config/xi/plugins/syntect/Java.toml", AT_STATX_SYNC_AS_STAT, STATX_ALL,  <unfinished ...>
46221 read(16,  <unfinished ...>
46222 <... statx resumed>0x7efe2e91fbd0) = -1 ENOENT (No such file or directory)
46221 <... read resumed>"", 8192)       = 0
46222 statx(AT_FDCWD, "/home/brain/.config/xi/plugins/syntect/Java Properties.toml", AT_STATX_SYNC_AS_STAT, STATX_ALL,  <unfinished ...>
46221 close(16 <unfinished ...>
46222 <... statx resumed>0x7efe2e91fbd0) = -1 ENOENT (No such file or directory)
46221 <... close resumed>)              = 0
46222 statx(AT_FDCWD, "/home/brain/.config/xi/plugins/syntect/JSON.toml", AT_STATX_SYNC_AS_STAT, STATX_ALL,  <unfinished ...>
46221 getrandom( <unfinished ...>
46222 <... statx resumed>0x7efe2e91fbd0) = -1 ENOENT (No such file or directory)
46221 <... getrandom resumed>"\xb7\x6f\xb2\x77\x4f\x33\x2b\xe9", 8, GRND_NONBLOCK) = 8
46222 statx(AT_FDCWD, "/home/brain/.config/xi/plugins/syntect/JavaScript.toml", AT_STATX_SYNC_AS_STAT, STATX_ALL, 0x7efe2e91fbd0) = -1 ENOENT (No such file or directory)
46222 statx(AT_FDCWD, "/home/brain/.config/xi/plugins/syntect/BibTeX.toml", AT_STATX_SYNC_AS_STAT, STATX_ALL,  <unfinished ...>
46221 access("/etc/fonts/conf.avail/10-sub-pixel-vrgb.conf", R_OK <unfinished ...>
46222 <... statx resumed>0x7efe2e91fbd0) = -1 ENOENT (No such file or directory)
46221 <... access resumed>)             = 0
46222 statx(AT_FDCWD, "/home/brain/.config/xi/plugins/syntect/LaTeX.toml", AT_STATX_SYNC_AS_STAT, STATX_ALL,  <unfinished ...>
46221 access("/etc/fonts/conf.avail/10-sub-pixel-vrgb.conf", R_OK <unfinished ...>
46222 <... statx resumed>0x7efe2e91fbd0) = -1 ENOENT (No such file or directory)
46221 <... access resumed>)             = 0
46222 statx(AT_FDCWD, "/home/brain/.config/xi/plugins/syntect/TeX.toml", AT_STATX_SYNC_AS_STAT, STATX_ALL,  <unfinished ...>
46221 readlink("/etc/fonts/conf.avail/10-sub-pixel-vrgb.conf",  <unfinished ...>
46222 <... statx resumed>0x7efe2e91fbd0) = -1 ENOENT (No such file or directory)
46221 <... readlink resumed>0x7ffd2f076c20, 4095) = -1 EINVAL (Invalid argument)
46222 statx(AT_FDCWD, "/home/brain/.config/xi/plugins/syntect/Lisp.toml", AT_STATX_SYNC_AS_STAT, STATX_ALL,  <unfinished ...>
46221 stat("/etc/fonts/conf.avail/10-sub-pixel-vrgb.conf",  <unfinished ...>
46222 <... statx resumed>0x7efe2e91fbd0) = -1 ENOENT (No such file or directory)
46221 <... stat resumed>{st_mode=S_IFREG|0644, st_size=758, ...}) = 0
46222 statx(AT_FDCWD, "/home/brain/.config/xi/plugins/syntect/Lua.toml", AT_STATX_SYNC_AS_STAT, STATX_ALL,  <unfinished ...>
46221 openat(AT_FDCWD, "/etc/fonts/conf.avail/10-sub-pixel-vrgb.conf", O_RDONLY|O_CLOEXEC <unfinished ...>
46222 <... statx resumed>0x7efe2e91fbd0) = -1 ENOENT (No such file or directory)
46221 <... openat resumed>)             = 16
46222 statx(AT_FDCWD, "/home/brain/.config/xi/plugins/syntect/Makefile.toml", AT_STATX_SYNC_AS_STAT, STATX_ALL,  <unfinished ...>
46221 read(16,  <unfinished ...>
46222 <... statx resumed>{stx_mask=STATX_ALL, stx_attributes=0, stx_mode=S_IFREG|0644, stx_size=54, ...}) = 0
46221 <... read resumed>"<?xml version=\"1.0\"?>\n<!DOCTYPE "..., 8192) = 758
46222 openat(AT_FDCWD, "/home/brain/.config/xi/plugins/syntect/Makefile.toml", O_RDONLY|O_CLOEXEC <unfinished ...>
46221 read(16, "", 8192)                = 0
46222 <... openat resumed>)             = 17
46221 close(16 <unfinished ...>
46222 statx(17, "", AT_STATX_SYNC_AS_STAT|AT_EMPTY_PATH, STATX_ALL,  <unfinished ...>
46221 <... close resumed>)              = 0
46222 <... statx resumed>{stx_mask=STATX_ALL, stx_attributes=0, stx_mode=S_IFREG|0644, stx_size=54, ...}) = 0
46221 getrandom( <unfinished ...>
46222 read(17,  <unfinished ...>
46221 <... getrandom resumed>"\x18\xf4\xff\x84\xb2\x3f\x86\xdf", 8, GRND_NONBLOCK) = 8
46222 <... read resumed>"# make requires tabs\ntranslate_t"..., 55) = 54
46222 read(17, "", 1)                   = 0
46221 access("/etc/fonts/conf.avail/10-unhinted.conf", R_OK <unfinished ...>
46222 close(17 <unfinished ...>
46221 <... access resumed>)             = 0
46222 <... close resumed>)              = 0
46221 access("/etc/fonts/conf.avail/10-unhinted.conf", R_OK) = 0
46221 readlink("/etc/fonts/conf.avail/10-unhinted.conf", 0x7ffd2f076c20, 4095) = -1 EINVAL (Invalid argument)
46221 stat("/etc/fonts/conf.avail/10-unhinted.conf", {st_mode=S_IFREG|0644, st_size=701, ...}) = 0
46221 openat(AT_FDCWD, "/etc/fonts/conf.avail/10-unhinted.conf", O_RDONLY|O_CLOEXEC) = 16
46221 read(16,  <unfinished ...>
46222 statx(AT_FDCWD, "/home/brain/.config/xi/plugins/syntect/Markdown.toml", AT_STATX_SYNC_AS_STAT, STATX_ALL,  <unfinished ...>
46221 <... read resumed>"<?xml version=\"1.0\"?>\n<!DOCTYPE "..., 8192) = 701
46222 <... statx resumed>0x7efe2e91fbd0) = -1 ENOENT (No such file or directory)
46221 read(16,  <unfinished ...>
46222 statx(AT_FDCWD, "/home/brain/.config/xi/plugins/syntect/MATLAB.toml", AT_STATX_SYNC_AS_STAT, STATX_ALL,  <unfinished ...>
46221 <... read resumed>"", 8192)       = 0
46222 <... statx resumed>0x7efe2e91fbd0) = -1 ENOENT (No such file or directory)
46221 close(16 <unfinished ...>
46222 statx(AT_FDCWD, "/home/brain/.config/xi/plugins/syntect/OCaml.toml", AT_STATX_SYNC_AS_STAT, STATX_ALL,  <unfinished ...>
46221 <... close resumed>)              = 0
46222 <... statx resumed>0x7efe2e91fbd0) = -1 ENOENT (No such file or directory)
46221 getrandom( <unfinished ...>
46222 statx(AT_FDCWD, "/home/brain/.config/xi/plugins/syntect/OCamllex.toml", AT_STATX_SYNC_AS_STAT, STATX_ALL,  <unfinished ...>
46221 <... getrandom resumed>"\xfc\xde\x1e\xbd\xc5\x97\x7a\x83", 8, GRND_NONBLOCK) = 8
46222 <... statx resumed>0x7efe2e91fbd0) = -1 ENOENT (No such file or directory)
46222 statx(AT_FDCWD, "/home/brain/.config/xi/plugins/syntect/OCamlyacc.toml", AT_STATX_SYNC_AS_STAT, STATX_ALL,  <unfinished ...>
46221 access("/etc/fonts/conf.avail/11-lcdfilter-default.conf", R_OK <unfinished ...>
46222 <... statx resumed>0x7efe2e91fbd0) = -1 ENOENT (No such file or directory)
46221 <... access resumed>)             = 0
46222 statx(AT_FDCWD, "/home/brain/.config/xi/plugins/syntect/Objective-C++.toml", AT_STATX_SYNC_AS_STAT, STATX_ALL,  <unfinished ...>
46221 access("/etc/fonts/conf.avail/11-lcdfilter-default.conf", R_OK <unfinished ...>
46222 <... statx resumed>0x7efe2e91fbd0) = -1 ENOENT (No such file or directory)
46221 <... access resumed>)             = 0
46222 statx(AT_FDCWD, "/home/brain/.config/xi/plugins/syntect/Objective-C.toml", AT_STATX_SYNC_AS_STAT, STATX_ALL,  <unfinished ...>
46221 readlink("/etc/fonts/conf.avail/11-lcdfilter-default.conf",  <unfinished ...>
46222 <... statx resumed>0x7efe2e91fbd0) = -1 ENOENT (No such file or directory)
46221 <... readlink resumed>0x7ffd2f076c20, 4095) = -1 EINVAL (Invalid argument)
46222 statx(AT_FDCWD, "/home/brain/.config/xi/plugins/syntect/PHP.toml", AT_STATX_SYNC_AS_STAT, STATX_ALL,  <unfinished ...>
46221 access("/etc/fonts/conf.avail/11-lcdfilter-legacy.conf", R_OK <unfinished ...>
46222 <... statx resumed>0x7efe2e91fbd0) = -1 ENOENT (No such file or directory)
46221 <... access resumed>)             = 0
46222 statx(AT_FDCWD, "/home/brain/.config/xi/plugins/syntect/Pascal.toml", AT_STATX_SYNC_AS_STAT, STATX_ALL,  <unfinished ...>
46221 access("/etc/fonts/conf.avail/11-lcdfilter-legacy.conf", R_OK <unfinished ...>
46222 <... statx resumed>0x7efe2e91fbd0) = -1 ENOENT (No such file or directory)
46221 <... access resumed>)             = 0
46222 statx(AT_FDCWD, "/home/brain/.config/xi/plugins/syntect/Perl.toml", AT_STATX_SYNC_AS_STAT, STATX_ALL,  <unfinished ...>
46221 readlink("/etc/fonts/conf.avail/11-lcdfilter-legacy.conf",  <unfinished ...>
46222 <... statx resumed>0x7efe2e91fbd0) = -1 ENOENT (No such file or directory)
46221 <... readlink resumed>0x7ffd2f076c20, 4095) = -1 EINVAL (Invalid argument)
46222 statx(AT_FDCWD, "/home/brain/.config/xi/plugins/syntect/Python.toml", AT_STATX_SYNC_AS_STAT, STATX_ALL,  <unfinished ...>
46221 stat("/etc/fonts/conf.avail/11-lcdfilter-legacy.conf",  <unfinished ...>
46222 <... statx resumed>0x7efe2e91fbd0) = -1 ENOENT (No such file or directory)
46221 <... stat resumed>{st_mode=S_IFREG|0644, st_size=768, ...}) = 0
46222 statx(AT_FDCWD, "/home/brain/.config/xi/plugins/syntect/R.toml", AT_STATX_SYNC_AS_STAT, STATX_ALL,  <unfinished ...>
46221 openat(AT_FDCWD, "/etc/fonts/conf.avail/11-lcdfilter-legacy.conf", O_RDONLY|O_CLOEXEC <unfinished ...>
46222 <... statx resumed>0x7efe2e91fbd0) = -1 ENOENT (No such file or directory)
46221 <... openat resumed>)             = 16
46222 statx(AT_FDCWD, "/home/brain/.config/xi/plugins/syntect/Rd (R Documentation).toml", AT_STATX_SYNC_AS_STAT, STATX_ALL,  <unfinished ...>
46221 read(16,  <unfinished ...>
46222 <... statx resumed>0x7efe2e91fbd0) = -1 ENOENT (No such file or directory)
46221 <... read resumed>"<?xml version=\"1.0\"?>\n<!DOCTYPE "..., 8192) = 768
46222 statx(AT_FDCWD, "/home/brain/.config/xi/plugins/syntect/HTML (Rails).toml", AT_STATX_SYNC_AS_STAT, STATX_ALL,  <unfinished ...>
46221 read(16,  <unfinished ...>
46222 <... statx resumed>0x7efe2e91fbd0) = -1 ENOENT (No such file or directory)
46221 <... read resumed>"", 8192)       = 0
46222 statx(AT_FDCWD, "/home/brain/.config/xi/plugins/syntect/JavaScript (Rails).toml", AT_STATX_SYNC_AS_STAT, STATX_ALL,  <unfinished ...>
46221 close(16 <unfinished ...>
46222 <... statx resumed>0x7efe2e91fbd0) = -1 ENOENT (No such file or directory)
46221 <... close resumed>)              = 0
46222 statx(AT_FDCWD, "/home/brain/.config/xi/plugins/syntect/Ruby Haml.toml", AT_STATX_SYNC_AS_STAT, STATX_ALL,  <unfinished ...>
46221 getrandom( <unfinished ...>
46222 <... statx resumed>0x7efe2e91fbd0) = -1 ENOENT (No such file or directory)
46221 <... getrandom resumed>"\x82\xd4\xcc\xb0\x18\x82\x9d\xf4", 8, GRND_NONBLOCK) = 8
46222 statx(AT_FDCWD, "/home/brain/.config/xi/plugins/syntect/Ruby on Rails.toml", AT_STATX_SYNC_AS_STAT, STATX_ALL, 0x7efe2e91fbd0) = -1 ENOENT (No such file or directory)
46221 access("/etc/fonts/conf.avail/11-lcdfilter-light.conf", R_OK <unfinished ...>
46222 statx(AT_FDCWD, "/home/brain/.config/xi/plugins/syntect/SQL (Rails).toml", AT_STATX_SYNC_AS_STAT, STATX_ALL,  <unfinished ...>
46221 <... access resumed>)             = 0
46222 <... statx resumed>0x7efe2e91fbd0) = -1 ENOENT (No such file or directory)
46221 access("/etc/fonts/conf.avail/11-lcdfilter-light.conf", R_OK <unfinished ...>
46222 statx(AT_FDCWD, "/home/brain/.config/xi/plugins/syntect/Regular Expression.toml", AT_STATX_SYNC_AS_STAT, STATX_ALL,  <unfinished ...>
46221 <... access resumed>)             = 0
46222 <... statx resumed>0x7efe2e91fbd0) = -1 ENOENT (No such file or directory)
46221 readlink("/etc/fonts/conf.avail/11-lcdfilter-light.conf",  <unfinished ...>
46222 statx(AT_FDCWD, "/home/brain/.config/xi/plugins/syntect/reStructuredText.toml", AT_STATX_SYNC_AS_STAT, STATX_ALL,  <unfinished ...>
46221 <... readlink resumed>0x7ffd2f076c20, 4095) = -1 EINVAL (Invalid argument)
46222 <... statx resumed>0x7efe2e91fbd0) = -1 ENOENT (No such file or directory)
46221 stat("/etc/fonts/conf.avail/11-lcdfilter-light.conf",  <unfinished ...>
46222 statx(AT_FDCWD, "/home/brain/.config/xi/plugins/syntect/Ruby.toml", AT_STATX_SYNC_AS_STAT, STATX_ALL,  <unfinished ...>
46221 <... stat resumed>{st_mode=S_IFREG|0644, st_size=765, ...}) = 0
46222 <... statx resumed>0x7efe2e91fbd0) = -1 ENOENT (No such file or directory)
46221 openat(AT_FDCWD, "/etc/fonts/conf.avail/11-lcdfilter-light.conf", O_RDONLY|O_CLOEXEC <unfinished ...>
46222 statx(AT_FDCWD, "/home/brain/.config/xi/plugins/syntect/Rust.toml", AT_STATX_SYNC_AS_STAT, STATX_ALL,  <unfinished ...>
46221 <... openat resumed>)             = 16
46222 <... statx resumed>0x7efe2e91fbd0) = -1 ENOENT (No such file or directory)
46221 read(16,  <unfinished ...>
46222 statx(AT_FDCWD, "/home/brain/.config/xi/plugins/syntect/SQL.toml", AT_STATX_SYNC_AS_STAT, STATX_ALL,  <unfinished ...>
46221 <... read resumed>"<?xml version=\"1.0\"?>\n<!DOCTYPE "..., 8192) = 765
46222 <... statx resumed>0x7efe2e91fbd0) = -1 ENOENT (No such file or directory)
46221 read(16,  <unfinished ...>
46222 statx(AT_FDCWD, "/home/brain/.config/xi/plugins/syntect/Scala.toml", AT_STATX_SYNC_AS_STAT, STATX_ALL,  <unfinished ...>
46221 <... read resumed>"", 8192)       = 0
46222 <... statx resumed>0x7efe2e91fbd0) = -1 ENOENT (No such file or directory)
46221 close(16 <unfinished ...>
46222 statx(AT_FDCWD, "/home/brain/.config/xi/plugins/syntect/Bourne Again Shell (bash).toml", AT_STATX_SYNC_AS_STAT, STATX_ALL,  <unfinished ...>
46221 <... close resumed>)              = 0
46222 <... statx resumed>0x7efe2e91fbd0) = -1 ENOENT (No such file or directory)
46221 getrandom( <unfinished ...>
46222 statx(AT_FDCWD, "/home/brain/.config/xi/plugins/syntect/HTML (Tcl).toml", AT_STATX_SYNC_AS_STAT, STATX_ALL,  <unfinished ...>
46221 <... getrandom resumed>"\x9c\xa0\xcd\xf4\x6a\xf7\x31\x43", 8, GRND_NONBLOCK) = 8
46222 <... statx resumed>0x7efe2e91fbd0) = -1 ENOENT (No such file or directory)
46222 statx(AT_FDCWD, "/home/brain/.config/xi/plugins/syntect/Tcl.toml", AT_STATX_SYNC_AS_STAT, STATX_ALL,  <unfinished ...>
46221 access("/etc/fonts/conf.avail/20-unhint-small-dejavu-lgc-sans-mono.conf", R_OK <unfinished ...>
46222 <... statx resumed>0x7efe2e91fbd0) = -1 ENOENT (No such file or directory)
46221 <... access resumed>)             = 0
46222 statx(AT_FDCWD, "/home/brain/.config/xi/plugins/syntect/Textile.toml", AT_STATX_SYNC_AS_STAT, STATX_ALL,  <unfinished ...>
46221 access("/etc/fonts/conf.avail/20-unhint-small-dejavu-lgc-sans-mono.conf", R_OK <unfinished ...>
46222 <... statx resumed>0x7efe2e91fbd0) = -1 ENOENT (No such file or directory)
46221 <... access resumed>)             = 0
46222 statx(AT_FDCWD, "/home/brain/.config/xi/plugins/syntect/TOML.toml", AT_STATX_SYNC_AS_STAT, STATX_ALL,  <unfinished ...>
46221 readlink("/etc/fonts/conf.avail/20-unhint-small-dejavu-lgc-sans-mono.conf",  <unfinished ...>
46222 <... statx resumed>0x7efe2e91fbd0) = -1 ENOENT (No such file or directory)
46221 <... readlink resumed>0x7ffd2f076c20, 4095) = -1 EINVAL (Invalid argument)
46222 statx(AT_FDCWD, "/home/brain/.config/xi/plugins/syntect/XML.toml", AT_STATX_SYNC_AS_STAT, STATX_ALL,  <unfinished ...>
46221 access("/etc/fonts/conf.avail/20-unhint-small-dejavu-lgc-sans.conf", R_OK <unfinished ...>
46222 <... statx resumed>0x7efe2e91fbd0) = -1 ENOENT (No such file or directory)
46221 <... access resumed>)             = 0
46222 statx(AT_FDCWD, "/home/brain/.config/xi/plugins/syntect/YAML.toml", AT_STATX_SYNC_AS_STAT, STATX_ALL,  <unfinished ...>
46221 access("/etc/fonts/conf.avail/20-unhint-small-dejavu-lgc-sans.conf", R_OK <unfinished ...>
46222 <... statx resumed>{stx_mask=STATX_ALL, stx_attributes=0, stx_mode=S_IFREG|0644, stx_size=99, ...}) = 0
46221 <... access resumed>)             = 0
46222 openat(AT_FDCWD, "/home/brain/.config/xi/plugins/syntect/YAML.toml", O_RDONLY|O_CLOEXEC <unfinished ...>
46221 readlink("/etc/fonts/conf.avail/20-unhint-small-dejavu-lgc-sans.conf", 0x7ffd2f076c20, 4095) = -1 EINVAL (Invalid argument)
46222 <... openat resumed>)             = 16
46221 access("/etc/fonts/conf.avail/20-unhint-small-dejavu-lgc-serif.conf", R_OK <unfinished ...>
46222 statx(16, "", AT_STATX_SYNC_AS_STAT|AT_EMPTY_PATH, STATX_ALL,  <unfinished ...>
46221 <... access resumed>)             = 0
46222 <... statx resumed>{stx_mask=STATX_ALL, stx_attributes=0, stx_mode=S_IFREG|0644, stx_size=99, ...}) = 0
46221 access("/etc/fonts/conf.avail/20-unhint-small-dejavu-lgc-serif.conf", R_OK <unfinished ...>
46222 read(16,  <unfinished ...>
46221 <... access resumed>)             = 0
46222 <... read resumed>"# YAML mandates that tabs aren't"..., 100) = 99
46221 readlink("/etc/fonts/conf.avail/20-unhint-small-dejavu-lgc-serif.conf",  <unfinished ...>
46222 read(16,  <unfinished ...>
46221 <... readlink resumed>0x7ffd2f076c20, 4095) = -1 EINVAL (Invalid argument)
46222 <... read resumed>"", 1)          = 0
46221 access("/etc/fonts/conf.avail/20-unhint-small-dejavu-sans-mono.conf", R_OK <unfinished ...>
46222 close(16 <unfinished ...>
46221 <... access resumed>)             = 0
46222 <... close resumed>)              = 0
46221 access("/etc/fonts/conf.avail/20-unhint-small-dejavu-sans-mono.conf", R_OK) = 0
46221 readlink("/etc/fonts/conf.avail/20-unhint-small-dejavu-sans-mono.conf", 0x7ffd2f076c20, 4095) = -1 EINVAL (Invalid argument)
46221 access("/etc/fonts/conf.avail/20-unhint-small-dejavu-sans.conf", R_OK) = 0
46221 access("/etc/fonts/conf.avail/20-unhint-small-dejavu-sans.conf", R_OK) = 0
46221 readlink("/etc/fonts/conf.avail/20-unhint-small-dejavu-sans.conf", 0x7ffd2f076c20, 4095) = -1 EINVAL (Invalid argument)
46221 access("/etc/fonts/conf.avail/20-unhint-small-dejavu-serif.conf", R_OK) = 0
46221 access("/etc/fonts/conf.avail/20-unhint-small-dejavu-serif.conf", R_OK <unfinished ...>
46222 close(15 <unfinished ...>
46221 <... access resumed>)             = 0
46222 <... close resumed>)              = 0
46221 readlink("/etc/fonts/conf.avail/20-unhint-small-dejavu-serif.conf", 0x7ffd2f076c20, 4095) = -1 EINVAL (Invalid argument)
46221 access("/etc/fonts/conf.avail/20-unhint-small-vera.conf", R_OK) = 0
46221 access("/etc/fonts/conf.avail/20-unhint-small-vera.conf", R_OK) = 0
46221 readlink("/etc/fonts/conf.avail/20-unhint-small-vera.conf", 0x7ffd2f076c20, 4095) = -1 EINVAL (Invalid argument)
46221 access("/etc/fonts/conf.avail/25-unhint-nonlatin.conf", R_OK) = 0
46221 access("/etc/fonts/conf.avail/25-unhint-nonlatin.conf", R_OK) = 0
46221 readlink("/etc/fonts/conf.avail/25-unhint-nonlatin.conf", 0x7ffd2f076c20, 4095) = -1 EINVAL (Invalid argument)
46221 stat("/etc/fonts/conf.avail/25-unhint-nonlatin.conf", {st_mode=S_IFREG|0644, st_size=3489, ...}) = 0
46221 openat(AT_FDCWD, "/etc/fonts/conf.avail/25-unhint-nonlatin.conf", O_RDONLY|O_CLOEXEC) = 15
46221 read(15, "<?xml version=\"1.0\"?>\n<!DOCTYPE "..., 8192) = 3489
46221 read(15, "", 8192)                = 0
46221 close(15)                         = 0
46221 getrandom("\x0f\x21\xc3\xfb\x93\x41\x9e\xb1", 8, GRND_NONBLOCK) = 8
46221 access("/etc/fonts/conf.avail/30-cjk-aliases.conf", R_OK) = 0
46221 access("/etc/fonts/conf.avail/30-cjk-aliases.conf", R_OK) = 0
46221 readlink("/etc/fonts/conf.avail/30-cjk-aliases.conf", 0x7ffd2f076c20, 4095) = -1 EINVAL (Invalid argument)
46221 access("/etc/fonts/conf.avail/30-droid-noto-mono.conf", R_OK) = 0
46221 access("/etc/fonts/conf.avail/30-droid-noto-mono.conf", R_OK) = 0
46221 readlink("/etc/fonts/conf.avail/30-droid-noto-mono.conf", 0x7ffd2f076c20, 4095) = -1 EINVAL (Invalid argument)
46221 stat("/etc/fonts/conf.avail/30-droid-noto-mono.conf", {st_mode=S_IFREG|0644, st_size=218, ...}) = 0
46221 openat(AT_FDCWD, "/etc/fonts/conf.avail/30-droid-noto-mono.conf", O_RDONLY|O_CLOEXEC) = 15
46221 read(15, "<?xml version=\"1.0\"?>\n<!DOCTYPE "..., 8192) = 218
46221 read(15, "", 8192)                = 0
46221 close(15)                         = 0
46221 getrandom("\x2c\xd5\x1b\xa6\x38\x68\x0f\x2b", 8, GRND_NONBLOCK) = 8
46221 access("/etc/fonts/conf.avail/30-metric-aliases.conf", R_OK) = 0
46221 access("/etc/fonts/conf.avail/30-metric-aliases.conf", R_OK) = 0
46221 readlink("/etc/fonts/conf.avail/30-metric-aliases.conf", 0x7ffd2f076c20, 4095) = -1 EINVAL (Invalid argument)
46221 access("/etc/fonts/conf.avail/30-urw-aliases.conf", R_OK) = 0
46221 access("/etc/fonts/conf.avail/30-urw-aliases.conf", R_OK <unfinished ...>
46222 mprotect(0x7efe28061000, 12288, PROT_READ|PROT_WRITE <unfinished ...>
46221 <... access resumed>)             = 0
46221 readlink("/etc/fonts/conf.avail/30-urw-aliases.conf",  <unfinished ...>
46222 <... mprotect resumed>)           = 0
46221 <... readlink resumed>0x7ffd2f076c20, 4095) = -1 EINVAL (Invalid argument)
46221 stat("/etc/fonts/conf.avail/30-urw-aliases.conf", {st_mode=S_IFREG|0644, st_size=701, ...}) = 0
46221 openat(AT_FDCWD, "/etc/fonts/conf.avail/30-urw-aliases.conf", O_RDONLY|O_CLOEXEC) = 15
46221 read(15, "<?xml version=\"1.0\"?>\n<!DOCTYPE "..., 8192) = 701
46221 read(15, "", 8192)                = 0
46221 close(15)                         = 0
46221 getrandom("\x1a\x66\xa3\x00\xac\x59\x4f\x8f", 8, GRND_NONBLOCK) = 8
46221 access("/etc/fonts/conf.avail/40-nonlatin.conf", R_OK) = 0
46221 access("/etc/fonts/conf.avail/40-nonlatin.conf", R_OK) = 0
46221 readlink("/etc/fonts/conf.avail/40-nonlatin.conf", 0x7ffd2f076c20, 4095) = -1 EINVAL (Invalid argument)
46221 access("/etc/fonts/conf.avail/45-generic.conf", R_OK) = 0
46221 access("/etc/fonts/conf.avail/45-generic.conf", R_OK) = 0
46221 readlink("/etc/fonts/conf.avail/45-generic.conf", 0x7ffd2f076c20, 4095) = -1 EINVAL (Invalid argument)
46221 access("/etc/fonts/conf.avail/45-latin.conf", R_OK) = 0
46221 access("/etc/fonts/conf.avail/45-latin.conf", R_OK) = 0
46221 readlink("/etc/fonts/conf.avail/45-latin.conf", 0x7ffd2f076c20, 4095) = -1 EINVAL (Invalid argument)
46221 access("/etc/fonts/conf.avail/49-sansserif.conf", R_OK) = 0
46221 access("/etc/fonts/conf.avail/49-sansserif.conf", R_OK) = 0
46221 readlink("/etc/fonts/conf.avail/49-sansserif.conf", 0x7ffd2f076c20, 4095) = -1 EINVAL (Invalid argument)
46221 access("/etc/fonts/conf.avail/50-user.conf", R_OK) = 0
46222 futex(0x5596f38201f8, FUTEX_WAKE_PRIVATE, 1 <unfinished ...>
46221 access("/etc/fonts/conf.avail/50-user.conf", R_OK) = 0
46221 readlink("/etc/fonts/conf.avail/50-user.conf",  <unfinished ...>
46222 <... futex resumed>)              = 1
46221 <... readlink resumed>0x7ffd2f076c20, 4095) = -1 EINVAL (Invalid argument)
46223 <... futex resumed>)              = 0
46221 access("/etc/fonts/conf.avail/51-local.conf", R_OK <unfinished ...>
46223 futex(0x5596f38201a0, FUTEX_WAKE_PRIVATE, 1 <unfinished ...>
46221 <... access resumed>)             = 0
46221 access("/etc/fonts/conf.avail/51-local.conf", R_OK <unfinished ...>
46223 <... futex resumed>)              = 0
46221 <... access resumed>)             = 0
46221 readlink("/etc/fonts/conf.avail/51-local.conf",  <unfinished ...>
46222 statx(AT_FDCWD, "/home/brain/.config/xi/ASP.xiconfig", AT_STATX_SYNC_AS_STAT, STATX_ALL,  <unfinished ...>
46221 <... readlink resumed>0x7ffd2f076c20, 4095) = -1 EINVAL (Invalid argument)
46223 write(3, "\1\0\0\0\0\0\0\0", 8 <unfinished ...>
46221 access("/etc/fonts/conf.avail/53-monospace-lcd-filter.conf", R_OK <unfinished ...>
46222 <... statx resumed>0x7efe2e9203f0) = -1 ENOENT (No such file or directory)
46221 <... access resumed>)             = 0
46223 <... write resumed>)              = 8
46221 access("/etc/fonts/conf.avail/53-monospace-lcd-filter.conf", R_OK <unfinished ...>
46222 statx(AT_FDCWD, "/home/brain/.config/xi/ActionScript.xiconfig", AT_STATX_SYNC_AS_STAT, STATX_ALL,  <unfinished ...>
46221 <... access resumed>)             = 0
46222 <... statx resumed>0x7efe2e9203f0) = -1 ENOENT (No such file or directory)
46221 readlink("/etc/fonts/conf.avail/53-monospace-lcd-filter.conf",  <unfinished ...>
46223 futex(0x5596f38201fc, FUTEX_WAIT_PRIVATE, 0, NULL <unfinished ...>
46221 <... readlink resumed>0x7ffd2f076c20, 4095) = -1 EINVAL (Invalid argument)
46222 statx(AT_FDCWD, "/home/brain/.config/xi/AppleScript.xiconfig", AT_STATX_SYNC_AS_STAT, STATX_ALL,  <unfinished ...>
46221 stat("/etc/fonts/conf.avail/53-monospace-lcd-filter.conf",  <unfinished ...>
46222 <... statx resumed>0x7efe2e9203f0) = -1 ENOENT (No such file or directory)
46221 <... stat resumed>{st_mode=S_IFREG|0644, st_size=943, ...}) = 0
46222 statx(AT_FDCWD, "/home/brain/.config/xi/Batch File.xiconfig", AT_STATX_SYNC_AS_STAT, STATX_ALL,  <unfinished ...>
46221 openat(AT_FDCWD, "/etc/fonts/conf.avail/53-monospace-lcd-filter.conf", O_RDONLY|O_CLOEXEC <unfinished ...>
46222 <... statx resumed>0x7efe2e9203f0) = -1 ENOENT (No such file or directory)
46221 <... openat resumed>)             = 15
46221 read(15,  <unfinished ...>
46222 statx(AT_FDCWD, "/home/brain/.config/xi/BibTeX.xiconfig", AT_STATX_SYNC_AS_STAT, STATX_ALL,  <unfinished ...>
46221 <... read resumed>"<?xml version=\"1.0\"?>\n<!DOCTYPE "..., 8192) = 943
46222 <... statx resumed>0x7efe2e9203f0) = -1 ENOENT (No such file or directory)
46221 read(15, "", 8192)                = 0
46222 statx(AT_FDCWD, "/home/brain/.config/xi/Bourne Again Shell (bash).xiconfig", AT_STATX_SYNC_AS_STAT, STATX_ALL,  <unfinished ...>
46221 close(15 <unfinished ...>
46222 <... statx resumed>0x7efe2e9203f0) = -1 ENOENT (No such file or directory)
46221 <... close resumed>)              = 0
46221 getrandom( <unfinished ...>
46222 statx(AT_FDCWD, "/home/brain/.config/xi/C.xiconfig", AT_STATX_SYNC_AS_STAT, STATX_ALL,  <unfinished ...>
46221 <... getrandom resumed>"\x67\xef\xa7\xf2\x80\xc4\x6d\x00", 8, GRND_NONBLOCK) = 8
46222 <... statx resumed>0x7efe2e9203f0) = -1 ENOENT (No such file or directory)
46222 statx(AT_FDCWD, "/home/brain/.config/xi/C#.xiconfig", AT_STATX_SYNC_AS_STAT, STATX_ALL,  <unfinished ...>
46221 access("/etc/fonts/conf.avail/57-dejavu-sans-mono.conf", R_OK <unfinished ...>
46222 <... statx resumed>0x7efe2e9203f0) = -1 ENOENT (No such file or directory)
46221 <... access resumed>)             = 0
46221 access("/etc/fonts/conf.avail/57-dejavu-sans-mono.conf", R_OK <unfinished ...>
46222 statx(AT_FDCWD, "/home/brain/.config/xi/C++.xiconfig", AT_STATX_SYNC_AS_STAT, STATX_ALL,  <unfinished ...>
46221 <... access resumed>)             = 0
46222 <... statx resumed>0x7efe2e9203f0) = -1 ENOENT (No such file or directory)
46221 readlink("/etc/fonts/conf.avail/57-dejavu-sans-mono.conf",  <unfinished ...>
46222 statx(AT_FDCWD, "/home/brain/.config/xi/CSS.xiconfig", AT_STATX_SYNC_AS_STAT, STATX_ALL,  <unfinished ...>
46221 <... readlink resumed>0x7ffd2f076c20, 4095) = -1 EINVAL (Invalid argument)
46222 <... statx resumed>0x7efe2e9203f0) = -1 ENOENT (No such file or directory)
46221 access("/etc/fonts/conf.avail/57-dejavu-sans.conf", R_OK <unfinished ...>
46222 statx(AT_FDCWD, "/home/brain/.config/xi/Clojure.xiconfig", AT_STATX_SYNC_AS_STAT, STATX_ALL,  <unfinished ...>
46221 <... access resumed>)             = 0
46222 <... statx resumed>0x7efe2e9203f0) = -1 ENOENT (No such file or directory)
46221 access("/etc/fonts/conf.avail/57-dejavu-sans.conf", R_OK <unfinished ...>
46222 statx(AT_FDCWD, "/home/brain/.config/xi/D.xiconfig", AT_STATX_SYNC_AS_STAT, STATX_ALL,  <unfinished ...>
46221 <... access resumed>)             = 0
46222 <... statx resumed>0x7efe2e9203f0) = -1 ENOENT (No such file or directory)
46221 readlink("/etc/fonts/conf.avail/57-dejavu-sans.conf",  <unfinished ...>
46222 statx(AT_FDCWD, "/home/brain/.config/xi/Diff.xiconfig", AT_STATX_SYNC_AS_STAT, STATX_ALL,  <unfinished ...>
46221 <... readlink resumed>0x7ffd2f076c20, 4095) = -1 EINVAL (Invalid argument)
46222 <... statx resumed>0x7efe2e9203f0) = -1 ENOENT (No such file or directory)
46221 access("/etc/fonts/conf.avail/57-dejavu-serif.conf", R_OK) = 0
46221 access("/etc/fonts/conf.avail/57-dejavu-serif.conf", R_OK <unfinished ...>
46222 statx(AT_FDCWD, "/home/brain/.config/xi/Erlang.xiconfig", AT_STATX_SYNC_AS_STAT, STATX_ALL,  <unfinished ...>
46221 <... access resumed>)             = 0
46222 <... statx resumed>0x7efe2e9203f0) = -1 ENOENT (No such file or directory)
46221 readlink("/etc/fonts/conf.avail/57-dejavu-serif.conf",  <unfinished ...>
46222 statx(AT_FDCWD, "/home/brain/.config/xi/Git Attributes.xiconfig", AT_STATX_SYNC_AS_STAT, STATX_ALL,  <unfinished ...>
46221 <... readlink resumed>0x7ffd2f076c20, 4095) = -1 EINVAL (Invalid argument)
46222 <... statx resumed>0x7efe2e9203f0) = -1 ENOENT (No such file or directory)
46221 access("/etc/fonts/conf.avail/58-dejavu-lgc-sans-mono.conf", R_OK) = 0
46222 statx(AT_FDCWD, "/home/brain/.config/xi/Git Commit.xiconfig", AT_STATX_SYNC_AS_STAT, STATX_ALL,  <unfinished ...>
46221 access("/etc/fonts/conf.avail/58-dejavu-lgc-sans-mono.conf", R_OK <unfinished ...>
46222 <... statx resumed>0x7efe2e9203f0) = -1 ENOENT (No such file or directory)
46221 <... access resumed>)             = 0
46221 readlink("/etc/fonts/conf.avail/58-dejavu-lgc-sans-mono.conf",  <unfinished ...>
46222 statx(AT_FDCWD, "/home/brain/.config/xi/Git Config.xiconfig", AT_STATX_SYNC_AS_STAT, STATX_ALL,  <unfinished ...>
46221 <... readlink resumed>0x7ffd2f076c20, 4095) = -1 EINVAL (Invalid argument)
46222 <... statx resumed>0x7efe2e9203f0) = -1 ENOENT (No such file or directory)
46221 access("/etc/fonts/conf.avail/58-dejavu-lgc-sans.conf", R_OK) = 0
46222 statx(AT_FDCWD, "/home/brain/.config/xi/Git Ignore.xiconfig", AT_STATX_SYNC_AS_STAT, STATX_ALL,  <unfinished ...>
46221 access("/etc/fonts/conf.avail/58-dejavu-lgc-sans.conf", R_OK <unfinished ...>
46222 <... statx resumed>0x7efe2e9203f0) = -1 ENOENT (No such file or directory)
46221 <... access resumed>)             = 0
46221 readlink("/etc/fonts/conf.avail/58-dejavu-lgc-sans.conf",  <unfinished ...>
46222 statx(AT_FDCWD, "/home/brain/.config/xi/Git Link.xiconfig", AT_STATX_SYNC_AS_STAT, STATX_ALL,  <unfinished ...>
46221 <... readlink resumed>0x7ffd2f076c20, 4095) = -1 EINVAL (Invalid argument)
46222 <... statx resumed>0x7efe2e9203f0) = -1 ENOENT (No such file or directory)
46221 access("/etc/fonts/conf.avail/58-dejavu-lgc-serif.conf", R_OK <unfinished ...>
46222 statx(AT_FDCWD, "/home/brain/.config/xi/Git Log.xiconfig", AT_STATX_SYNC_AS_STAT, STATX_ALL,  <unfinished ...>
46221 <... access resumed>)             = 0
46222 <... statx resumed>0x7efe2e9203f0) = -1 ENOENT (No such file or directory)
46221 access("/etc/fonts/conf.avail/58-dejavu-lgc-serif.conf", R_OK) = 0
46222 statx(AT_FDCWD, "/home/brain/.config/xi/Git Rebase Todo.xiconfig", AT_STATX_SYNC_AS_STAT, STATX_ALL,  <unfinished ...>
46221 readlink("/etc/fonts/conf.avail/58-dejavu-lgc-serif.conf",  <unfinished ...>
46222 <... statx resumed>0x7efe2e9203f0) = -1 ENOENT (No such file or directory)
46221 <... readlink resumed>0x7ffd2f076c20, 4095) = -1 EINVAL (Invalid argument)
46221 access("/etc/fonts/conf.avail/59-lohit-devanagari.conf", R_OK <unfinished ...>
46222 statx(AT_FDCWD, "/home/brain/.config/xi/Go.xiconfig", AT_STATX_SYNC_AS_STAT, STATX_ALL,  <unfinished ...>
46221 <... access resumed>)             = 0
46222 <... statx resumed>0x7efe2e9203f0) = -1 ENOENT (No such file or directory)
46221 access("/etc/fonts/conf.avail/59-lohit-devanagari.conf", R_OK) = 0
46222 statx(AT_FDCWD, "/home/brain/.config/xi/Graphviz (DOT).xiconfig", AT_STATX_SYNC_AS_STAT, STATX_ALL,  <unfinished ...>
46221 readlink("/etc/fonts/conf.avail/59-lohit-devanagari.conf",  <unfinished ...>
46222 <... statx resumed>0x7efe2e9203f0) = -1 ENOENT (No such file or directory)
46221 <... readlink resumed>0x7ffd2f076c20, 4095) = -1 EINVAL (Invalid argument)
46221 access("/etc/fonts/conf.avail/60-generic.conf", R_OK <unfinished ...>
46222 statx(AT_FDCWD, "/home/brain/.config/xi/Groovy.xiconfig", AT_STATX_SYNC_AS_STAT, STATX_ALL,  <unfinished ...>
46221 <... access resumed>)             = 0
46222 <... statx resumed>0x7efe2e9203f0) = -1 ENOENT (No such file or directory)
46221 access("/etc/fonts/conf.avail/60-generic.conf", R_OK) = 0
46222 statx(AT_FDCWD, "/home/brain/.config/xi/HTML.xiconfig", AT_STATX_SYNC_AS_STAT, STATX_ALL,  <unfinished ...>
46221 readlink("/etc/fonts/conf.avail/60-generic.conf",  <unfinished ...>
46222 <... statx resumed>0x7efe2e9203f0) = -1 ENOENT (No such file or directory)
46221 <... readlink resumed>0x7ffd2f076c20, 4095) = -1 EINVAL (Invalid argument)
46221 access("/etc/fonts/conf.avail/60-latin.conf", R_OK <unfinished ...>
46222 statx(AT_FDCWD, "/home/brain/.config/xi/HTML (ASP).xiconfig", AT_STATX_SYNC_AS_STAT, STATX_ALL,  <unfinished ...>
46221 <... access resumed>)             = 0
46222 <... statx resumed>0x7efe2e9203f0) = -1 ENOENT (No such file or directory)
46221 access("/etc/fonts/conf.avail/60-latin.conf", R_OK) = 0
46222 statx(AT_FDCWD, "/home/brain/.config/xi/HTML (Erlang).xiconfig", AT_STATX_SYNC_AS_STAT, STATX_ALL,  <unfinished ...>
46221 readlink("/etc/fonts/conf.avail/60-latin.conf",  <unfinished ...>
46222 <... statx resumed>0x7efe2e9203f0) = -1 ENOENT (No such file or directory)
46221 <... readlink resumed>0x7ffd2f076c20, 4095) = -1 EINVAL (Invalid argument)
46221 access("/etc/fonts/conf.avail/64-language-selector-prefer.conf", R_OK) = 0
46221 access("/etc/fonts/conf.avail/64-language-selector-prefer.conf", R_OK) = 0
46222 statx(AT_FDCWD, "/home/brain/.config/xi/HTML (Rails).xiconfig", AT_STATX_SYNC_AS_STAT, STATX_ALL,  <unfinished ...>
46221 readlink("/etc/fonts/conf.avail/64-language-selector-prefer.conf",  <unfinished ...>
46222 <... statx resumed>0x7efe2e9203f0) = -1 ENOENT (No such file or directory)
46221 <... readlink resumed>0x7ffd2f076c20, 4095) = -1 EINVAL (Invalid argument)
46221 access("/etc/fonts/conf.avail/65-0-fonts-beng-extra.conf", R_OK <unfinished ...>
46222 statx(AT_FDCWD, "/home/brain/.config/xi/HTML (Tcl).xiconfig", AT_STATX_SYNC_AS_STAT, STATX_ALL,  <unfinished ...>
46221 <... access resumed>)             = 0
46222 <... statx resumed>0x7efe2e9203f0) = -1 ENOENT (No such file or directory)
46221 access("/etc/fonts/conf.avail/65-0-fonts-beng-extra.conf", R_OK) = 0
46222 statx(AT_FDCWD, "/home/brain/.config/xi/Haskell.xiconfig", AT_STATX_SYNC_AS_STAT, STATX_ALL,  <unfinished ...>
46221 readlink("/etc/fonts/conf.avail/65-0-fonts-beng-extra.conf",  <unfinished ...>
46222 <... statx resumed>0x7efe2e9203f0) = -1 ENOENT (No such file or directory)
46221 <... readlink resumed>0x7ffd2f076c20, 4095) = -1 EINVAL (Invalid argument)
46221 access("/etc/fonts/conf.avail/65-0-fonts-deva-extra.conf", R_OK <unfinished ...>
46222 statx(AT_FDCWD, "/home/brain/.config/xi/JSON.xiconfig", AT_STATX_SYNC_AS_STAT, STATX_ALL,  <unfinished ...>
46221 <... access resumed>)             = 0
46222 <... statx resumed>0x7efe2e9203f0) = -1 ENOENT (No such file or directory)
46221 access("/etc/fonts/conf.avail/65-0-fonts-deva-extra.conf", R_OK) = 0
46222 statx(AT_FDCWD, "/home/brain/.config/xi/Java.xiconfig", AT_STATX_SYNC_AS_STAT, STATX_ALL,  <unfinished ...>
46221 readlink("/etc/fonts/conf.avail/65-0-fonts-deva-extra.conf",  <unfinished ...>
46222 <... statx resumed>0x7efe2e9203f0) = -1 ENOENT (No such file or directory)
46221 <... readlink resumed>0x7ffd2f076c20, 4095) = -1 EINVAL (Invalid argument)
46221 access("/etc/fonts/conf.avail/65-0-fonts-gubbi.conf", R_OK <unfinished ...>
46222 statx(AT_FDCWD, "/home/brain/.config/xi/Java Properties.xiconfig", AT_STATX_SYNC_AS_STAT, STATX_ALL,  <unfinished ...>
46221 <... access resumed>)             = 0
46222 <... statx resumed>0x7efe2e9203f0) = -1 ENOENT (No such file or directory)
46221 access("/etc/fonts/conf.avail/65-0-fonts-gubbi.conf", R_OK) = 0
46222 statx(AT_FDCWD, "/home/brain/.config/xi/Java Server Page (JSP).xiconfig", AT_STATX_SYNC_AS_STAT, STATX_ALL,  <unfinished ...>
46221 readlink("/etc/fonts/conf.avail/65-0-fonts-gubbi.conf",  <unfinished ...>
46222 <... statx resumed>0x7efe2e9203f0) = -1 ENOENT (No such file or directory)
46221 <... readlink resumed>0x7ffd2f076c20, 4095) = -1 EINVAL (Invalid argument)
46221 access("/etc/fonts/conf.avail/65-0-fonts-gujr-extra.conf", R_OK <unfinished ...>
46222 statx(AT_FDCWD, "/home/brain/.config/xi/JavaScript.xiconfig", AT_STATX_SYNC_AS_STAT, STATX_ALL,  <unfinished ...>
46221 <... access resumed>)             = 0
46222 <... statx resumed>0x7efe2e9203f0) = -1 ENOENT (No such file or directory)
46221 access("/etc/fonts/conf.avail/65-0-fonts-gujr-extra.conf", R_OK <unfinished ...>
46222 statx(AT_FDCWD, "/home/brain/.config/xi/JavaScript (Rails).xiconfig", AT_STATX_SYNC_AS_STAT, STATX_ALL,  <unfinished ...>
46221 <... access resumed>)             = 0
46222 <... statx resumed>0x7efe2e9203f0) = -1 ENOENT (No such file or directory)
46221 readlink("/etc/fonts/conf.avail/65-0-fonts-gujr-extra.conf", 0x7ffd2f076c20, 4095) = -1 EINVAL (Invalid argument)
46222 statx(AT_FDCWD, "/home/brain/.config/xi/LaTeX.xiconfig", AT_STATX_SYNC_AS_STAT, STATX_ALL,  <unfinished ...>
46221 access("/etc/fonts/conf.avail/65-0-fonts-guru-extra.conf", R_OK <unfinished ...>
46222 <... statx resumed>0x7efe2e9203f0) = -1 ENOENT (No such file or directory)
46221 <... access resumed>)             = 0
46221 access("/etc/fonts/conf.avail/65-0-fonts-guru-extra.conf", R_OK <unfinished ...>
46222 statx(AT_FDCWD, "/home/brain/.config/xi/Lisp.xiconfig", AT_STATX_SYNC_AS_STAT, STATX_ALL,  <unfinished ...>
46221 <... access resumed>)             = 0
46222 <... statx resumed>0x7efe2e9203f0) = -1 ENOENT (No such file or directory)
46221 readlink("/etc/fonts/conf.avail/65-0-fonts-guru-extra.conf", 0x7ffd2f076c20, 4095) = -1 EINVAL (Invalid argument)
46222 statx(AT_FDCWD, "/home/brain/.config/xi/Literate Haskell.xiconfig", AT_STATX_SYNC_AS_STAT, STATX_ALL,  <unfinished ...>
46221 access("/etc/fonts/conf.avail/65-0-fonts-orya-extra.conf", R_OK <unfinished ...>
46222 <... statx resumed>0x7efe2e9203f0) = -1 ENOENT (No such file or directory)
46221 <... access resumed>)             = 0
46221 access("/etc/fonts/conf.avail/65-0-fonts-orya-extra.conf", R_OK <unfinished ...>
46222 statx(AT_FDCWD, "/home/brain/.config/xi/Lua.xiconfig", AT_STATX_SYNC_AS_STAT, STATX_ALL,  <unfinished ...>
46221 <... access resumed>)             = 0
46222 <... statx resumed>0x7efe2e9203f0) = -1 ENOENT (No such file or directory)
46221 readlink("/etc/fonts/conf.avail/65-0-fonts-orya-extra.conf",  <unfinished ...>
46222 statx(AT_FDCWD, "/home/brain/.config/xi/MATLAB.xiconfig", AT_STATX_SYNC_AS_STAT, STATX_ALL,  <unfinished ...>
46221 <... readlink resumed>0x7ffd2f076c20, 4095) = -1 EINVAL (Invalid argument)
46222 <... statx resumed>0x7efe2e9203f0) = -1 ENOENT (No such file or directory)
46221 access("/etc/fonts/conf.avail/65-0-fonts-pagul.conf", R_OK <unfinished ...>
46222 statx(AT_FDCWD, "/home/brain/.config/xi/Makefile.xiconfig", AT_STATX_SYNC_AS_STAT, STATX_ALL,  <unfinished ...>
46221 <... access resumed>)             = 0
46221 access("/etc/fonts/conf.avail/65-0-fonts-pagul.conf", R_OK <unfinished ...>
46222 <... statx resumed>0x7efe2e9203f0) = -1 ENOENT (No such file or directory)
46221 <... access resumed>)             = 0
46221 readlink("/etc/fonts/conf.avail/65-0-fonts-pagul.conf", 0x7ffd2f076c20, 4095) = -1 EINVAL (Invalid argument)
46222 statx(AT_FDCWD, "/home/brain/.config/xi/Markdown.xiconfig", AT_STATX_SYNC_AS_STAT, STATX_ALL,  <unfinished ...>
46221 access("/etc/fonts/conf.avail/65-0-fonts-telu-extra.conf", R_OK <unfinished ...>
46222 <... statx resumed>0x7efe2e9203f0) = -1 ENOENT (No such file or directory)
46221 <... access resumed>)             = 0
46221 access("/etc/fonts/conf.avail/65-0-fonts-telu-extra.conf", R_OK <unfinished ...>
46222 statx(AT_FDCWD, "/home/brain/.config/xi/NAnt Build File.xiconfig", AT_STATX_SYNC_AS_STAT, STATX_ALL,  <unfinished ...>
46221 <... access resumed>)             = 0
46222 <... statx resumed>0x7efe2e9203f0) = -1 ENOENT (No such file or directory)
46221 readlink("/etc/fonts/conf.avail/65-0-fonts-telu-extra.conf", 0x7ffd2f076c20, 4095) = -1 EINVAL (Invalid argument)
46222 statx(AT_FDCWD, "/home/brain/.config/xi/OCaml.xiconfig", AT_STATX_SYNC_AS_STAT, STATX_ALL,  <unfinished ...>
46221 access("/etc/fonts/conf.avail/65-0-smc-meera.conf", R_OK <unfinished ...>
46222 <... statx resumed>0x7efe2e9203f0) = -1 ENOENT (No such file or directory)
46221 <... access resumed>)             = 0
46221 access("/etc/fonts/conf.avail/65-0-smc-meera.conf", R_OK <unfinished ...>
46222 statx(AT_FDCWD, "/home/brain/.config/xi/OCamllex.xiconfig", AT_STATX_SYNC_AS_STAT, STATX_ALL,  <unfinished ...>
46221 <... access resumed>)             = 0
46222 <... statx resumed>0x7efe2e9203f0) = -1 ENOENT (No such file or directory)
46221 readlink("/etc/fonts/conf.avail/65-0-smc-meera.conf", 0x7ffd2f076c20, 4095) = -1 EINVAL (Invalid argument)
46222 statx(AT_FDCWD, "/home/brain/.config/xi/OCamlyacc.xiconfig", AT_STATX_SYNC_AS_STAT, STATX_ALL,  <unfinished ...>
46221 access("/etc/fonts/conf.avail/65-0-smc-rachana.conf", R_OK <unfinished ...>
46222 <... statx resumed>0x7efe2e9203f0) = -1 ENOENT (No such file or directory)
46221 <... access resumed>)             = 0
46221 access("/etc/fonts/conf.avail/65-0-smc-rachana.conf", R_OK <unfinished ...>
46222 statx(AT_FDCWD, "/home/brain/.config/xi/Objective-C.xiconfig", AT_STATX_SYNC_AS_STAT, STATX_ALL,  <unfinished ...>
46221 <... access resumed>)             = 0
46222 <... statx resumed>0x7efe2e9203f0) = -1 ENOENT (No such file or directory)
46221 readlink("/etc/fonts/conf.avail/65-0-smc-rachana.conf", 0x7ffd2f076c20, 4095) = -1 EINVAL (Invalid argument)
46222 statx(AT_FDCWD, "/home/brain/.config/xi/Objective-C++.xiconfig", AT_STATX_SYNC_AS_STAT, STATX_ALL,  <unfinished ...>
46221 access("/etc/fonts/conf.avail/65-droid-sans-fallback.conf", R_OK <unfinished ...>
46222 <... statx resumed>0x7efe2e9203f0) = -1 ENOENT (No such file or directory)
46221 <... access resumed>)             = 0
46221 access("/etc/fonts/conf.avail/65-droid-sans-fallback.conf", R_OK <unfinished ...>
46222 statx(AT_FDCWD, "/home/brain/.config/xi/PHP.xiconfig", AT_STATX_SYNC_AS_STAT, STATX_ALL,  <unfinished ...>
46221 <... access resumed>)             = 0
46222 <... statx resumed>0x7efe2e9203f0) = -1 ENOENT (No such file or directory)
46221 readlink("/etc/fonts/conf.avail/65-droid-sans-fallback.conf", 0x7ffd2f076c20, 4095) = -1 EINVAL (Invalid argument)
46222 statx(AT_FDCWD, "/home/brain/.config/xi/Pascal.xiconfig", AT_STATX_SYNC_AS_STAT, STATX_ALL,  <unfinished ...>
46221 access("/etc/fonts/conf.avail/65-fonts-lmodern.conf", R_OK <unfinished ...>
46222 <... statx resumed>0x7efe2e9203f0) = -1 ENOENT (No such file or directory)
46221 <... access resumed>)             = 0
46221 access("/etc/fonts/conf.avail/65-fonts-lmodern.conf", R_OK <unfinished ...>
46222 statx(AT_FDCWD, "/home/brain/.config/xi/Perl.xiconfig", AT_STATX_SYNC_AS_STAT, STATX_ALL,  <unfinished ...>
46221 <... access resumed>)             = 0
46222 <... statx resumed>0x7efe2e9203f0) = -1 ENOENT (No such file or directory)
46221 readlink("/etc/fonts/conf.avail/65-fonts-lmodern.conf",  <unfinished ...>
46222 statx(AT_FDCWD, "/home/brain/.config/xi/Plain Text.xiconfig", AT_STATX_SYNC_AS_STAT, STATX_ALL,  <unfinished ...>
46221 <... readlink resumed>0x7ffd2f076c20, 4095) = -1 EINVAL (Invalid argument)
46222 <... statx resumed>0x7efe2e9203f0) = -1 ENOENT (No such file or directory)
46221 access("/etc/fonts/conf.avail/65-fonts-persian.conf", R_OK) = 0
46222 statx(AT_FDCWD, "/home/brain/.config/xi/Python.xiconfig", AT_STATX_SYNC_AS_STAT, STATX_ALL,  <unfinished ...>
46221 access("/etc/fonts/conf.avail/65-fonts-persian.conf", R_OK <unfinished ...>
46222 <... statx resumed>0x7efe2e9203f0) = -1 ENOENT (No such file or directory)
46221 <... access resumed>)             = 0
46221 readlink("/etc/fonts/conf.avail/65-fonts-persian.conf",  <unfinished ...>
46222 statx(AT_FDCWD, "/home/brain/.config/xi/R.xiconfig", AT_STATX_SYNC_AS_STAT, STATX_ALL,  <unfinished ...>
46221 <... readlink resumed>0x7ffd2f076c20, 4095) = -1 EINVAL (Invalid argument)
46222 <... statx resumed>0x7efe2e9203f0) = -1 ENOENT (No such file or directory)
46221 access("/etc/fonts/conf.avail/65-fonts-takao-pgothic.conf", R_OK) = 0
46221 access("/etc/fonts/conf.avail/65-fonts-takao-pgothic.conf", R_OK) = 0
46221 readlink("/etc/fonts/conf.avail/65-fonts-takao-pgothic.conf", 0x7ffd2f076c20, 4095) = -1 EINVAL (Invalid argument)
46221 access("/etc/fonts/conf.avail/65-fonts-texgyre.conf", R_OK <unfinished ...>
46222 statx(AT_FDCWD, "/home/brain/.config/xi/Rd (R Documentation).xiconfig", AT_STATX_SYNC_AS_STAT, STATX_ALL,  <unfinished ...>
46221 <... access resumed>)             = 0
46222 <... statx resumed>0x7efe2e9203f0) = -1 ENOENT (No such file or directory)
46221 access("/etc/fonts/conf.avail/65-fonts-texgyre.conf", R_OK) = 0
46222 statx(AT_FDCWD, "/home/brain/.config/xi/Regular Expression.xiconfig", AT_STATX_SYNC_AS_STAT, STATX_ALL,  <unfinished ...>
46221 readlink("/etc/fonts/conf.avail/65-fonts-texgyre.conf",  <unfinished ...>
46222 <... statx resumed>0x7efe2e9203f0) = -1 ENOENT (No such file or directory)
46221 <... readlink resumed>0x7ffd2f076c20, 4095) = -1 EINVAL (Invalid argument)
46221 access("/etc/fonts/conf.avail/65-khmer.conf", R_OK <unfinished ...>
46222 statx(AT_FDCWD, "/home/brain/.config/xi/Ruby.xiconfig", AT_STATX_SYNC_AS_STAT, STATX_ALL,  <unfinished ...>
46221 <... access resumed>)             = 0
